<html>
<body>
<pre>
<h1>µVision Build Log</h1>
<h2>Project:</h2>
C:\Users\Moritz\builds\embedded-systems-austin-edx\src\labs\Lab10_TrafficLight\Lab10.uvproj
Project File Date:  02/11/2014

<h2>Output:</h2>
Rebuild target 'Lab10'
assembling startup.s...
compiling TableTrafficLight.c...
TableTrafficLight.c(155): warning:  #1-D: last line of file ends without a newline
  }
TableTrafficLight.c: 1 warning, 0 errors
linking...
Program Size: Code=4256 RO-data=14440 RW-data=68 ZI-data=1756  
".\Lab10.axf" - 0 Error(s), 1 Warning(s).
