<html>
<body>
<pre>
<h1>µVision Build Log</h1>
<h2>Project:</h2>
C:\Users\Moritz\builds\embedded-systems-edx-austin\white-led\Lab2.uvproj
Project File Date:  <unknown>

<h2>Output:</h2>
Build target 'white-led'
linking...
Program Size: Code=2004 RO-data=2064 RW-data=44 ZI-data=1756  
".\white-led.axf" - 0 Error(s), 0 Warning(s).
</pre>
</body>
</html>
assembling startup.s...
linking...
Program Size: Code=2004 RO-data=2064 RW-data=44 ZI-data=1756  
".\white-led.axf" - 0 Error(s), 1 Warning(s).
Load "C:\\Users\\Moritz\\builds\\embedded-systems-edx-austin\\white-led\\white-led.axf" 
Connecting: Mode=JTAG, Speed=1000000Hz
Erase Done.
Programming Done.
Verify OK.
