<html>
<body>
<pre>
<h1>µVision Build Log</h1>
<h2>Project:</h2>
C:\Users\Moritz\builds\embedded-systems-edx-austin\labs\lab-6-activate-led-with-switch\Lab6.uvproj
Project File Date:  01/17/2014

<h2>Output:</h2>
Rebuild target 'Lab6'
assembling startup.s...
compiling BranchingFunctionsDelays.c...
linking...
Program Size: Code=3720 RO-data=5996 RW-data=56 ZI-data=1752  
".\Lab6.axf" - 0 Error(s), 0 Warning(s).
Load "C:\\Users\\Moritz\\builds\\embedded-systems-edx-austin\\labs\\lab-6-activate-led-with-switch\\Lab6.axf" 
Connecting: Mode=JTAG, Speed=1000000Hz
Erase Done.
Programming Done.
Verify OK.
Load "C:\\Users\\Moritz\\builds\\embedded-systems-edx-austin\\labs\\lab-6-activate-led-with-switch\\Lab6.axf" 
Connecting: Mode=JTAG, Speed=1000000Hz
Connection failed!, error code=&d
Error: Flash Download failed  -  Target DLL has been cancelled
</pre>
</body>
</html>
