<html>
<body>
<pre>
<h1>µVision Build Log</h1>
<h2>Project:</h2>
C:\Dropbox\apn176\edX_lab15Virtual\MySetup\Labware\Lab15_VirtualSpaceInvaders\SpaceInvaders.uvproj
Project File Date:  04/19/2014

<h2>Output:</h2>
Build target 'SpaceInvaders'
compiling SpaceInvaders.c...
linking...
Program Size: Code=4460 RO-data=5284 RW-data=68 ZI-data=1764  
".\SpaceInvaders.axf" - 0 Error(s), 0 Warning(s).
Clean started: Project: 'SpaceInvaders'
   deleting intermediate output files for target 'SpaceInvaders'
</pre>
</body>
</html>
ing VirtualNokia5110.c...
".\SpaceInvaders.axf" - 1 Error(s), 0 Warning(s).
Target not created
