ARM Linker, 5.03 [Build 76] [MDK-ARM Lite]

==============================================================================

Section Cross References

    startup.o(STACK) refers (Special) to heapauxi.o(.text) for __use_two_region_memory
    startup.o(HEAP) refers (Special) to heapauxi.o(.text) for __use_two_region_memory
    startup.o(RESET) refers (Special) to heapauxi.o(.text) for __use_two_region_memory
    startup.o(RESET) refers to startup.o(STACK) for StackMem
    startup.o(RESET) refers to spaceinvaders_tony_l.o(i.Timer0A_Handler) for Timer0A_Handler
    startup.o(RESET) refers to spaceinvaders_tony_l.o(i.Timer2A_Handler) for Timer2A_Handler
    startup.o(RESET) refers to texas.o(i.Timer4A_Handler) for Timer4A_Handler
    startup.o(RESET) refers to texas.o(i.Timer5A_Handler) for Timer5A_Handler
    startup.o(RESET) refers to __main.o(!!!main) for __main
    startup.o(.text) refers (Special) to heapauxi.o(.text) for __use_two_region_memory
    startup.o(.text) refers to startup.o(HEAP) for HeapMem
    startup.o(.text) refers to startup.o(STACK) for StackMem
    random.o(.text) refers to random.o(DATA) for M
    texas.o(i.SetCode) refers to texas.o(.bss) for TExaS
    texas.o(i.SetCourse) refers to texas.o(.bss) for TExaS
    texas.o(i.SetMode) refers to texas.o(.bss) for TExaS
    texas.o(i.StartTimer4) refers to texas.o(.data) for ScopeCount
    texas.o(i.TExaS_Init) refers to texas.o(i.PLL_Init) for PLL_Init
    texas.o(i.TExaS_Init) refers to texas.o(i.SetCourse) for SetCourse
    texas.o(i.TExaS_Init) refers to texas.o(i.UART0_Init) for UART0_Init
    texas.o(i.TExaS_Init) refers to texas.o(i.SetCode) for SetCode
    texas.o(i.TExaS_Init) refers to texas.o(i.ADC1_Init) for ADC1_Init
    texas.o(i.TExaS_Init) refers to texas.o(.constdata) for IntroMsg
    texas.o(i.TExaS_Init) refers to texas.o(.bss) for TExaS
    texas.o(i.TExaS_Init) refers to texas.o(.data) for LastMode
    texas.o(i.Timer5A_Handler) refers to texas.o(i.ADC1_In) for ADC1_In
    texas.o(i.Timer5A_Handler) refers to texas.o(.data) for TExaS_Period
    virtualnokia5110.o(i.Nokia5110_Clear) refers to virtualnokia5110.o(i.lcdwrite) for lcdwrite
    virtualnokia5110.o(i.Nokia5110_Clear) refers to virtualnokia5110.o(i.Nokia5110_SetCursor) for Nokia5110_SetCursor
    virtualnokia5110.o(i.Nokia5110_ClearBuffer) refers to virtualnokia5110.o(.bss) for Screen
    virtualnokia5110.o(i.Nokia5110_DisplayBuffer) refers to virtualnokia5110.o(i.Nokia5110_DrawFullImage) for Nokia5110_DrawFullImage
    virtualnokia5110.o(i.Nokia5110_DisplayBuffer) refers to virtualnokia5110.o(.bss) for Screen
    virtualnokia5110.o(i.Nokia5110_DrawFullImage) refers to virtualnokia5110.o(i.Nokia5110_SetCursor) for Nokia5110_SetCursor
    virtualnokia5110.o(i.Nokia5110_DrawFullImage) refers to virtualnokia5110.o(i.lcdwrite) for lcdwrite
    virtualnokia5110.o(i.Nokia5110_Init) refers to virtualnokia5110.o(i.lcdwrite) for lcdwrite
    virtualnokia5110.o(i.Nokia5110_OutChar) refers to virtualnokia5110.o(i.lcdwrite) for lcdwrite
    virtualnokia5110.o(i.Nokia5110_OutChar) refers to virtualnokia5110.o(.constdata) for ASCII
    virtualnokia5110.o(i.Nokia5110_OutString) refers to virtualnokia5110.o(i.Nokia5110_OutChar) for Nokia5110_OutChar
    virtualnokia5110.o(i.Nokia5110_OutUDec) refers to virtualnokia5110.o(i.Nokia5110_OutString) for Nokia5110_OutString
    virtualnokia5110.o(i.Nokia5110_OutUDec) refers to virtualnokia5110.o(i.Nokia5110_OutChar) for Nokia5110_OutChar
    virtualnokia5110.o(i.Nokia5110_PrintBMP) refers to virtualnokia5110.o(.bss) for Screen
    virtualnokia5110.o(i.Nokia5110_SetCursor) refers to virtualnokia5110.o(i.lcdwrite) for lcdwrite
    spaceinvaders_tony_l.o(i.Celebrate) refers to spaceinvaders_tony_l.o(i.Green_LED) for Green_LED
    spaceinvaders_tony_l.o(i.Celebrate) refers to spaceinvaders_tony_l.o(i.Sound_Highpitch) for Sound_Highpitch
    spaceinvaders_tony_l.o(i.Celebrate) refers to virtualnokia5110.o(i.Nokia5110_PrintBMP) for Nokia5110_PrintBMP
    spaceinvaders_tony_l.o(i.Celebrate) refers to virtualnokia5110.o(i.Nokia5110_DisplayBuffer) for Nokia5110_DisplayBuffer
    spaceinvaders_tony_l.o(i.Celebrate) refers to spaceinvaders_tony_l.o(i.Delay100ms) for Delay100ms
    spaceinvaders_tony_l.o(i.Celebrate) refers to spaceinvaders_tony_l.o(i.Sound_Fastinvader1) for Sound_Fastinvader1
    spaceinvaders_tony_l.o(i.Celebrate) refers to spaceinvaders_tony_l.o(i.Sound_Fastinvader4) for Sound_Fastinvader4
    spaceinvaders_tony_l.o(i.Celebrate) refers to spaceinvaders_tony_l.o(i.Sound_Killed) for Sound_Killed
    spaceinvaders_tony_l.o(i.Celebrate) refers to spaceinvaders_tony_l.o(i.Sound_Explosion) for Sound_Explosion
    spaceinvaders_tony_l.o(i.Celebrate) refers to spaceinvaders_tony_l.o(.data) for points
    spaceinvaders_tony_l.o(i.Celebrate) refers to spaceinvaders_tony_l.o(.constdata) for SmallExplosion0
    spaceinvaders_tony_l.o(i.Check4BonusHit) refers to virtualnokia5110.o(i.Nokia5110_PrintBMP) for Nokia5110_PrintBMP
[...]
    spaceinvaders_tony_l.o(i.UpdateLaser) refers to spaceinvaders_tony_l.o(.data) for numLasers
    spaceinvaders_tony_l.o(i.UpdateLaser) refers to spaceinvaders_tony_l.o(.bss) for Laser
    spaceinvaders_tony_l.o(i.UpdateLaser) refers to spaceinvaders_tony_l.o(.constdata) for PlayerShip0
    spaceinvaders_tony_l.o(i.UpdateMissile) refers to virtualnokia5110.o(i.Nokia5110_PrintBMP) for Nokia5110_PrintBMP
    spaceinvaders_tony_l.o(i.UpdateMissile) refers to spaceinvaders_tony_l.o(i.Check4BonusHit) for Check4BonusHit
    spaceinvaders_tony_l.o(i.UpdateMissile) refers to spaceinvaders_tony_l.o(i.UpdateBonus) for UpdateBonus
    spaceinvaders_tony_l.o(i.UpdateMissile) refers to spaceinvaders_tony_l.o(.bss) for Missile
    spaceinvaders_tony_l.o(i.UpdateMissile) refers to spaceinvaders_tony_l.o(.constdata) for Missile0
    spaceinvaders_tony_l.o(i.UpdateMissile) refers to spaceinvaders_tony_l.o(.data) for missilephase
    spaceinvaders_tony_l.o(i.UpdateShip0) refers to spaceinvaders_tony_l.o(i.ADC0_In) for ADC0_In
    spaceinvaders_tony_l.o(i.UpdateShip0) refers to virtualnokia5110.o(i.Nokia5110_PrintBMP) for Nokia5110_PrintBMP
    spaceinvaders_tony_l.o(i.UpdateShip0) refers to spaceinvaders_tony_l.o(i.UpdateMissile) for UpdateMissile
    spaceinvaders_tony_l.o(i.UpdateShip0) refers to spaceinvaders_tony_l.o(i.FireMissile) for FireMissile
    spaceinvaders_tony_l.o(i.UpdateShip0) refers to spaceinvaders_tony_l.o(.data) for ControlPos
    spaceinvaders_tony_l.o(i.UpdateShip0) refers to spaceinvaders_tony_l.o(.constdata) for PlayerShip0
    spaceinvaders_tony_l.o(i.main) refers to texas.o(i.TExaS_Init) for TExaS_Init
    spaceinvaders_tony_l.o(i.main) refers to random.o(.text) for Random_Init
    spaceinvaders_tony_l.o(i.main) refers to spaceinvaders_tony_l.o(i.Init_Switches) for Init_Switches
    spaceinvaders_tony_l.o(i.main) refers to spaceinvaders_tony_l.o(i.ADC0_Init) for ADC0_Init
    spaceinvaders_tony_l.o(i.main) refers to spaceinvaders_tony_l.o(i.DAC_Init) for DAC_Init
    spaceinvaders_tony_l.o(i.main) refers to virtualnokia5110.o(i.Nokia5110_Init) for Nokia5110_Init
    spaceinvaders_tony_l.o(i.main) refers to virtualnokia5110.o(i.Nokia5110_ClearBuffer) for Nokia5110_ClearBuffer
    spaceinvaders_tony_l.o(i.main) refers to virtualnokia5110.o(i.Nokia5110_DisplayBuffer) for Nokia5110_DisplayBuffer
    spaceinvaders_tony_l.o(i.main) refers to spaceinvaders_tony_l.o(i.Timer2_Init) for Timer2_Init
    spaceinvaders_tony_l.o(i.main) refers to spaceinvaders_tony_l.o(i.Sound_Init) for Sound_Init
    spaceinvaders_tony_l.o(i.main) refers to startup.o(.text) for EnableInterrupts
    spaceinvaders_tony_l.o(i.main) refers to spaceinvaders_tony_l.o(i.SplashScreen) for SplashScreen
    spaceinvaders_tony_l.o(i.main) refers to spaceinvaders_tony_l.o(i.GameInit) for GameInit
    spaceinvaders_tony_l.o(i.main) refers to spaceinvaders_tony_l.o(i.UpdateEnemys) for UpdateEnemys
    spaceinvaders_tony_l.o(i.main) refers to spaceinvaders_tony_l.o(i.Delay100ms) for Delay100ms
    spaceinvaders_tony_l.o(i.main) refers to spaceinvaders_tony_l.o(i.UpdateShip0) for UpdateShip0
    spaceinvaders_tony_l.o(i.main) refers to spaceinvaders_tony_l.o(i.UpdateLaser) for UpdateLaser
    spaceinvaders_tony_l.o(i.main) refers to spaceinvaders_tony_l.o(i.UpdateBonus) for UpdateBonus
    spaceinvaders_tony_l.o(i.main) refers to spaceinvaders_tony_l.o(i.Celebrate) for Celebrate
    spaceinvaders_tony_l.o(i.main) refers to spaceinvaders_tony_l.o(i.DestroyShip) for DestroyShip
    spaceinvaders_tony_l.o(i.main) refers to spaceinvaders_tony_l.o(i.ExitScreen) for ExitScreen
    spaceinvaders_tony_l.o(i.main) refers to virtualnokia5110.o(i.Nokia5110_SetCursor) for Nokia5110_SetCursor
    spaceinvaders_tony_l.o(i.main) refers to virtualnokia5110.o(i.Nokia5110_OutString) for Nokia5110_OutString
    spaceinvaders_tony_l.o(i.main) refers to spaceinvaders_tony_l.o(i.Green_LED) for Green_LED
    spaceinvaders_tony_l.o(i.main) refers to spaceinvaders_tony_l.o(i.Red_LED) for Red_LED
    spaceinvaders_tony_l.o(i.main) refers to spaceinvaders_tony_l.o(i.Read_Switches) for Read_Switches
    spaceinvaders_tony_l.o(i.main) refers to spaceinvaders_tony_l.o(.data) for EnemyY
    spaceinvaders_tony_l.o(i.myRandom) refers to spaceinvaders_tony_l.o(.data) for M
    __main.o(!!!main) refers to rtentry.o(.ARM.Collect$$rtentry$$00000000) for __rt_entry
    rtentry.o(.ARM.Collect$$rtentry$$00000000) refers (Special) to rtentry2.o(.ARM.Collect$$rtentry$$0000000A) for __rt_entry_li
    rtentry.o(.ARM.Collect$$rtentry$$00000000) refers (Special) to rtentry2.o(.ARM.Collect$$rtentry$$0000000D) for __rt_entry_main
    rtentry.o(.ARM.Collect$$rtentry$$00000000) refers (Special) to rtentry2.o(.ARM.Collect$$rtentry$$0000000C) for __rt_entry_postli_1
    rtentry.o(.ARM.Collect$$rtentry$$00000000) refers (Special) to rtentry2.o(.ARM.Collect$$rtentry$$00000009) for __rt_entry_postsh_1
    rtentry.o(.ARM.Collect$$rtentry$$00000000) refers (Special) to rtentry2.o(.ARM.Collect$$rtentry$$00000002) for __rt_entry_presh_1
    rtentry.o(.ARM.Collect$$rtentry$$00000000) refers (Special) to rtentry4.o(.ARM.Collect$$rtentry$$00000004) for __rt_entry_sh
    rtentry2.o(.ARM.Collect$$rtentry$$00000008) refers to boardinit2.o(.text) for _platform_post_stackheap_init
    rtentry2.o(.ARM.Collect$$rtentry$$0000000A) refers to libinit.o(.ARM.Collect$$libinit$$00000000) for __rt_lib_init
    rtentry2.o(.ARM.Collect$$rtentry$$0000000B) refers to boardinit3.o(.text) for _platform_post_lib_init
    rtentry2.o(.ARM.Collect$$rtentry$$0000000D) refers to spaceinvaders_tony_l.o(i.main) for main
    rtentry2.o(.ARM.Collect$$rtentry$$0000000D) refers to exit.o(.text) for exit
    rtentry2.o(.ARM.exidx) refers to rtentry2.o(.ARM.Collect$$rtentry$$00000001) for .ARM.Collect$$rtentry$$00000001
    rtentry2.o(.ARM.exidx) refers to rtentry2.o(.ARM.Collect$$rtentry$$00000008) for .ARM.Collect$$rtentry$$00000008
    rtentry2.o(.ARM.exidx) refers to rtentry2.o(.ARM.Collect$$rtentry$$0000000A) for .ARM.Collect$$rtentry$$0000000A
    rtentry2.o(.ARM.exidx) refers to rtentry2.o(.ARM.Collect$$rtentry$$0000000B) for .ARM.Collect$$rtentry$$0000000B
    rtentry2.o(.ARM.exidx) refers to rtentry2.o(.ARM.Collect$$rtentry$$0000000D) for .ARM.Collect$$rtentry$$0000000D
    rtentry4.o(.ARM.Collect$$rtentry$$00000004) refers to sys_stackheap_outer.o(.text) for __user_setup_stackheap
    rtentry4.o(.ARM.exidx) refers to rtentry4.o(.ARM.Collect$$rtentry$$00000004) for .ARM.Collect$$rtentry$$00000004
    sys_stackheap_outer.o(.text) refers to libspace.o(.text) for __user_perproc_libspace
    sys_stackheap_outer.o(.text) refers to startup.o(.text) for __user_initial_stackheap
    exit.o(.text) refers to rtexit.o(.ARM.Collect$$rtexit$$00000000) for __rt_exit
    libinit.o(.ARM.Collect$$libinit$$00000000) refers (Special) to libinit2.o(.ARM.Collect$$libinit$$0000002C) for __rt_lib_init_alloca_1
    libinit.o(.ARM.Collect$$libinit$$00000000) refers (Special) to libinit2.o(.ARM.Collect$$libinit$$0000002A) for __rt_lib_init_argv_1
    libinit.o(.ARM.Collect$$libinit$$00000000) refers (Special) to libinit2.o(.ARM.Collect$$libinit$$00000019) for __rt_lib_init_atexit_1
    libinit.o(.ARM.Collect$$libinit$$00000000) refers (Special) to libinit2.o(.ARM.Collect$$libinit$$0000001F) for __rt_lib_init_clock_1
    libinit.o(.ARM.Collect$$libinit$$00000000) refers (Special) to libinit2.o(.ARM.Collect$$libinit$$00000030) for __rt_lib_init_cpp_1
    libinit.o(.ARM.Collect$$libinit$$00000000) refers (Special) to libinit2.o(.ARM.Collect$$libinit$$0000002E) for __rt_lib_init_exceptions_1
    libinit.o(.ARM.Collect$$libinit$$00000000) refers (Special) to libinit2.o(.ARM.Collect$$libinit$$00000002) for __rt_lib_init_fp_1
    libinit.o(.ARM.Collect$$libinit$$00000000) refers (Special) to libinit2.o(.ARM.Collect$$libinit$$0000001D) for __rt_lib_init_fp_trap_1
    libinit.o(.ARM.Collect$$libinit$$00000000) refers (Special) to libinit2.o(.ARM.Collect$$libinit$$00000021) for __rt_lib_init_getenv_1
    libinit.o(.ARM.Collect$$libinit$$00000000) refers (Special) to libinit2.o(.ARM.Collect$$libinit$$00000008) for __rt_lib_init_heap_1
    libinit.o(.ARM.Collect$$libinit$$00000000) refers (Special) to libinit2.o(.ARM.Collect$$libinit$$0000000F) for __rt_lib_init_lc_collate_1
    libinit.o(.ARM.Collect$$libinit$$00000000) refers (Special) to libinit2.o(.ARM.Collect$$libinit$$00000011) for __rt_lib_init_lc_ctype_1
    libinit.o(.ARM.Collect$$libinit$$00000000) refers (Special) to libinit2.o(.ARM.Collect$$libinit$$00000013) for __rt_lib_init_lc_monetary_1
    libinit.o(.ARM.Collect$$libinit$$00000000) refers (Special) to libinit2.o(.ARM.Collect$$libinit$$00000015) for __rt_lib_init_lc_numeric_1
    libinit.o(.ARM.Collect$$libinit$$00000000) refers (Special) to libinit2.o(.ARM.Collect$$libinit$$00000017) for __rt_lib_init_lc_time_1
    libinit.o(.ARM.Collect$$libinit$$00000000) refers (Special) to libinit2.o(.ARM.Collect$$libinit$$0000000C) for __rt_lib_init_rand_1
    libinit.o(.ARM.Collect$$libinit$$00000000) refers (Special) to libinit2.o(.ARM.Collect$$libinit$$00000031) for __rt_lib_init_return
    libinit.o(.ARM.Collect$$libinit$$00000000) refers (Special) to libinit2.o(.ARM.Collect$$libinit$$0000001B) for __rt_lib_init_signal_1
    libinit.o(.ARM.Collect$$libinit$$00000000) refers (Special) to libinit2.o(.ARM.Collect$$libinit$$00000023) for __rt_lib_init_stdio_1
    libinit.o(.ARM.Collect$$libinit$$00000000) refers (Special) to libinit2.o(.ARM.Collect$$libinit$$0000000A) for __rt_lib_init_user_alloc_1
    libspace.o(.text) refers to libspace.o(.bss) for __libspace_start
    rtexit.o(.ARM.Collect$$rtexit$$00000000) refers (Special) to rtexit2.o(.ARM.Collect$$rtexit$$00000004) for __rt_exit_exit
    rtexit.o(.ARM.Collect$$rtexit$$00000000) refers (Special) to rtexit2.o(.ARM.Collect$$rtexit$$00000003) for __rt_exit_ls
    rtexit.o(.ARM.Collect$$rtexit$$00000000) refers (Special) to rtexit2.o(.ARM.Collect$$rtexit$$00000002) for __rt_exit_prels_1
    rtexit.o(.ARM.exidx) refers (Special) to rtexit2.o(.ARM.Collect$$rtexit$$00000004) for __rt_exit_exit
    rtexit.o(.ARM.exidx) refers (Special) to rtexit2.o(.ARM.Collect$$rtexit$$00000003) for __rt_exit_ls
    rtexit.o(.ARM.exidx) refers (Special) to rtexit2.o(.ARM.Collect$$rtexit$$00000002) for __rt_exit_prels_1
    rtexit.o(.ARM.exidx) refers to rtexit.o(.ARM.Collect$$rtexit$$00000000) for .ARM.Collect$$rtexit$$00000000
    libinit2.o(.ARM.Collect$$libinit$$0000000E) refers to libinit2.o(.ARM.Collect$$libinit$$0000000D) for .ARM.Collect$$libinit$$0000000D
    libinit2.o(.ARM.Collect$$libinit$$00000010) refers to libinit2.o(.ARM.Collect$$libinit$$0000000D) for .ARM.Collect$$libinit$$0000000D
    libinit2.o(.ARM.Collect$$libinit$$00000012) refers to libinit2.o(.ARM.Collect$$libinit$$0000000D) for .ARM.Collect$$libinit$$0000000D
    libinit2.o(.ARM.Collect$$libinit$$00000014) refers to libinit2.o(.ARM.Collect$$libinit$$0000000D) for .ARM.Collect$$libinit$$0000000D
    libinit2.o(.ARM.Collect$$libinit$$00000016) refers to libinit2.o(.ARM.Collect$$libinit$$0000000D) for .ARM.Collect$$libinit$$0000000D
    libinit2.o(.ARM.Collect$$libinit$$00000024) refers to argv_veneer.o(.emb_text) for __ARM_argv_veneer
    libinit2.o(.ARM.Collect$$libinit$$00000025) refers to argv_veneer.o(.emb_text) for __ARM_argv_veneer
    rtexit2.o(.ARM.Collect$$rtexit$$00000003) refers to libshutdown.o(.ARM.Collect$$libshutdown$$00000000) for __rt_lib_shutdown
    rtexit2.o(.ARM.Collect$$rtexit$$00000004) refers to sys_exit.o(.text) for _sys_exit
    rtexit2.o(.ARM.exidx) refers to rtexit2.o(.ARM.Collect$$rtexit$$00000001) for .ARM.Collect$$rtexit$$00000001
    rtexit2.o(.ARM.exidx) refers to rtexit2.o(.ARM.Collect$$rtexit$$00000003) for .ARM.Collect$$rtexit$$00000003
    rtexit2.o(.ARM.exidx) refers to rtexit2.o(.ARM.Collect$$rtexit$$00000004) for .ARM.Collect$$rtexit$$00000004
    argv_veneer.o(.emb_text) refers to no_argv.o(.text) for __ARM_get_argv
    sys_exit.o(.text) refers (Special) to use_no_semi.o(.text) for __I$use$semihosting
    sys_exit.o(.text) refers (Special) to indicate_semi.o(.text) for __semihosting_library_function
    _get_argv_nomalloc.o(.text) refers (Special) to hrguard.o(.text) for __heap_region$guard
    _get_argv_nomalloc.o(.text) refers to defsig_rtmem_outer.o(.text) for __rt_SIGRTMEM
    _get_argv_nomalloc.o(.text) refers to sys_command.o(.text) for _sys_command_string
    libshutdown.o(.ARM.Collect$$libshutdown$$00000000) refers (Special) to libshutdown2.o(.ARM.Collect$$libshutdown$$00000006) for __rt_lib_shutdown_fp_trap_1
    libshutdown.o(.ARM.Collect$$libshutdown$$00000000) refers (Special) to libshutdown2.o(.ARM.Collect$$libshutdown$$0000000E) for __rt_lib_shutdown_heap_1
    libshutdown.o(.ARM.Collect$$libshutdown$$00000000) refers (Special) to libshutdown2.o(.ARM.Collect$$libshutdown$$0000000F) for __rt_lib_shutdown_return
    libshutdown.o(.ARM.Collect$$libshutdown$$00000000) refers (Special) to libshutdown2.o(.ARM.Collect$$libshutdown$$00000009) for __rt_lib_shutdown_signal_1
    libshutdown.o(.ARM.Collect$$libshutdown$$00000000) refers (Special) to libshutdown2.o(.ARM.Collect$$libshutdown$$00000003) for __rt_lib_shutdown_stdio_1
    libshutdown.o(.ARM.Collect$$libshutdown$$00000000) refers (Special) to libshutdown2.o(.ARM.Collect$$libshutdown$$0000000B) for __rt_lib_shutdown_user_alloc_1
    sys_command.o(.text) refers (Special) to use_no_semi.o(.text) for __I$use$semihosting
    sys_command.o(.text) refers (Special) to indicate_semi.o(.text) for __semihosting_library_function
    defsig_rtmem_outer.o(.text) refers to defsig_rtmem_inner.o(.text) for __rt_SIGRTMEM_inner
    defsig_rtmem_outer.o(.text) refers to defsig_exit.o(.text) for __sig_exit
    defsig_rtmem_formal.o(.text) refers to rt_raise.o(.text) for __rt_raise
    rt_raise.o(.text) refers to __raise.o(.text) for __raise
    rt_raise.o(.text) refers to sys_exit.o(.text) for _sys_exit
    defsig_exit.o(.text) refers to sys_exit.o(.text) for _sys_exit
    defsig_rtmem_inner.o(.text) refers to defsig_general.o(.text) for __default_signal_display
    __raise.o(.text) refers to defsig.o(CL$$defsig) for __default_signal_handler
    defsig_general.o(.text) refers to sys_wrch.o(.text) for _ttywrch
    sys_wrch.o(.text) refers (Special) to use_no_semi.o(.text) for __I$use$semihosting
    sys_wrch.o(.text) refers (Special) to indicate_semi.o(.text) for __semihosting_library_function
    defsig.o(CL$$defsig) refers to defsig_rtmem_inner.o(.text) for __rt_SIGRTMEM_inner
    defsig_abrt_inner.o(.text) refers to defsig_general.o(.text) for __default_signal_display
    defsig_fpe_inner.o(.text) refers to defsig_general.o(.text) for __default_signal_display
    defsig_rtred_inner.o(.text) refers to defsig_general.o(.text) for __default_signal_display
    defsig_stak_inner.o(.text) refers to defsig_general.o(.text) for __default_signal_display
    defsig_pvfn_inner.o(.text) refers to defsig_general.o(.text) for __default_signal_display
    defsig_cppl_inner.o(.text) refers to defsig_general.o(.text) for __default_signal_display
    defsig_segv_inner.o(.text) refers to defsig_general.o(.text) for __default_signal_display
    defsig_other.o(.text) refers to defsig_general.o(.text) for __default_signal_display


==============================================================================

Removing Unused input sections from the image.

    Removing texas.o(i.SetMode), (24 bytes).
    Removing texas.o(i.StartTimer4), (36 bytes).
    Removing texas.o(i.StopTimer4), (24 bytes).
    Removing texas.o(i.TExaS_Stop), (28 bytes).
    Removing texas.o(i.UART0_InChar), (24 bytes).
    Removing texas.o(i.UART0_InCharNonBlocking), (28 bytes).
    Removing texas.o(i.UART0_OutChar), (24 bytes).
    Removing texas.o(i.UART0_OutCharNonBlock), (12 bytes).
    Removing texas.o(i.copy), (18 bytes).

9 unused section(s) (total 218 bytes) removed from the image.

==============================================================================

Image Symbol Table

    Local Symbols

    Symbol Name                              Value     Ov Type        Size  Object(Section)

    RESET                                    0x00000000   Section      644  startup.o(RESET)
    ../clib/angel/boardlib.s                 0x00000000   Number         0  boardinit3.o ABSOLUTE
    ../clib/angel/boardlib.s                 0x00000000   Number         0  boardinit2.o ABSOLUTE
    ../clib/angel/boardlib.s                 0x00000000   Number         0  boardinit1.o ABSOLUTE
    ../clib/angel/boardlib.s                 0x00000000   Number         0  boardshut.o ABSOLUTE
    ../clib/angel/handlers.s                 0x00000000   Number         0  __scatter_zi.o ABSOLUTE
    ../clib/angel/handlers.s                 0x00000000   Number         0  __scatter_copy.o ABSOLUTE
    ../clib/angel/kernel.s                   0x00000000   Number         0  rtentry4.o ABSOLUTE
    ../clib/angel/kernel.s                   0x00000000   Number         0  rtentry2.o ABSOLUTE
    ../clib/angel/kernel.s                   0x00000000   Number         0  rtexit.o ABSOLUTE
    ../clib/angel/kernel.s                   0x00000000   Number         0  rtexit2.o ABSOLUTE
    ../clib/angel/kernel.s                   0x00000000   Number         0  rtentry.o ABSOLUTE
    ../clib/angel/rt.s                       0x00000000   Number         0  rt_raise.o ABSOLUTE
    ../clib/angel/scatter.s                  0x00000000   Number         0  __scatter.o ABSOLUTE
    ../clib/angel/startup.s                  0x00000000   Number         0  __main.o ABSOLUTE
    ../clib/angel/sys.s                      0x00000000   Number         0  sys_stackheap_outer.o ABSOLUTE
    ../clib/angel/sys.s                      0x00000000   Number         0  indicate_semi.o ABSOLUTE
    ../clib/angel/sys.s                      0x00000000   Number         0  use_no_semi.o ABSOLUTE
    ../clib/angel/sys.s                      0x00000000   Number         0  libspace.o ABSOLUTE
    ../clib/angel/sysapp.c                   0x00000000   Number         0  sys_command.o ABSOLUTE
    ../clib/angel/sysapp.c                   0x00000000   Number         0  sys_wrch.o ABSOLUTE
    ../clib/angel/sysapp.c                   0x00000000   Number         0  sys_exit.o ABSOLUTE
    ../clib/armsys.c                         0x00000000   Number         0  argv_veneer.o ABSOLUTE
    ../clib/armsys.c                         0x00000000   Number         0  _get_argv_nomalloc.o ABSOLUTE
    ../clib/armsys.c                         0x00000000   Number         0  argv_veneer.o ABSOLUTE
    ../clib/armsys.c                         0x00000000   Number         0  no_argv.o ABSOLUTE
    ../clib/heapalloc.c                      0x00000000   Number         0  hrguard.o ABSOLUTE
    ../clib/heapaux.c                        0x00000000   Number         0  heapauxi.o ABSOLUTE
    ../clib/libinit.s                        0x00000000   Number         0  libshutdown2.o ABSOLUTE
    ../clib/libinit.s                        0x00000000   Number         0  libshutdown.o ABSOLUTE
    ../clib/libinit.s                        0x00000000   Number         0  libinit.o ABSOLUTE
    ../clib/libinit.s                        0x00000000   Number         0  libinit2.o ABSOLUTE
    ../clib/signal.c                         0x00000000   Number         0  defsig_general.o ABSOLUTE
    ../clib/signal.c                         0x00000000   Number         0  defsig_fpe_inner.o ABSOLUTE
    ../clib/signal.c                         0x00000000   Number         0  defsig_abrt_inner.o ABSOLUTE
    ../clib/signal.c                         0x00000000   Number         0  defsig_pvfn_inner.o ABSOLUTE
    ../clib/signal.c                         0x00000000   Number         0  defsig_stak_inner.o ABSOLUTE
    ../clib/signal.c                         0x00000000   Number         0  __raise.o ABSOLUTE
    ../clib/signal.c                         0x00000000   Number         0  defsig_rtmem_inner.o ABSOLUTE
    ../clib/signal.c                         0x00000000   Number         0  defsig_exit.o ABSOLUTE
    ../clib/signal.c                         0x00000000   Number         0  defsig_cppl_inner.o ABSOLUTE
    ../clib/signal.c                         0x00000000   Number         0  defsig_segv_inner.o ABSOLUTE
    ../clib/signal.c                         0x00000000   Number         0  defsig_rtmem_formal.o ABSOLUTE
    ../clib/signal.c                         0x00000000   Number         0  defsig_rtred_inner.o ABSOLUTE
    ../clib/signal.c                         0x00000000   Number         0  defsig_other.o ABSOLUTE
    ../clib/signal.c                         0x00000000   Number         0  defsig_rtmem_outer.o ABSOLUTE
    ../clib/signal.s                         0x00000000   Number         0  defsig.o ABSOLUTE
    ../clib/stdlib.c                         0x00000000   Number         0  exit.o ABSOLUTE
    ../fplib/fpinit.s                        0x00000000   Number         0  fpinit.o ABSOLUTE
    SpaceInvaders_Tony_L.c                   0x00000000   Number         0  spaceinvaders_tony_l.o ABSOLUTE
    TExaS.c                                  0x00000000   Number         0  texas.o ABSOLUTE
    VirtualNokia5110.c                       0x00000000   Number         0  virtualnokia5110.o ABSOLUTE
    dc.s                                     0x00000000   Number         0  dc.o ABSOLUTE
    random.s                                 0x00000000   Number         0  random.o ABSOLUTE
    startup.s                                0x00000000   Number         0  startup.o ABSOLUTE
    !!!main                                  0x00000284   Section        8  __main.o(!!!main)
    !!!scatter                               0x0000028c   Section       52  __scatter.o(!!!scatter)
    !!handler_copy                           0x000002c0   Section       26  __scatter_copy.o(!!handler_copy)
    !!handler_zi                             0x000002dc   Section       28  __scatter_zi.o(!!handler_zi)
    .ARM.Collect$$libinit$$00000000          0x000002f8   Section        2  libinit.o(.ARM.Collect$$libinit$$00000000)
    .ARM.Collect$$libinit$$00000002          0x000002fa   Section        0  libinit2.o(.ARM.Collect$$libinit$$00000002)
    .ARM.Collect$$libinit$$00000008          0x000002fa   Section        0  libinit2.o(.ARM.Collect$$libinit$$00000008)
    .ARM.Collect$$libinit$$0000000A          0x000002fa   Section        0  libinit2.o(.ARM.Collect$$libinit$$0000000A)
    .ARM.Collect$$libinit$$0000000C          0x000002fa   Section        0  libinit2.o(.ARM.Collect$$libinit$$0000000C)
    .ARM.Collect$$libinit$$0000000F          0x000002fa   Section        0  libinit2.o(.ARM.Collect$$libinit$$0000000F)
    .ARM.Collect$$libinit$$00000011          0x000002fa   Section        0  libinit2.o(.ARM.Collect$$libinit$$00000011)
    .ARM.Collect$$libinit$$00000013          0x000002fa   Section        0  libinit2.o(.ARM.Collect$$libinit$$00000013)
    .ARM.Collect$$libinit$$00000015          0x000002fa   Section        0  libinit2.o(.ARM.Collect$$libinit$$00000015)
    .ARM.Collect$$libinit$$00000017          0x000002fa   Section        0  libinit2.o(.ARM.Collect$$libinit$$00000017)
    .ARM.Collect$$libinit$$00000019          0x000002fa   Section        0  libinit2.o(.ARM.Collect$$libinit$$00000019)
    .ARM.Collect$$libinit$$0000001B          0x000002fa   Section        0  libinit2.o(.ARM.Collect$$libinit$$0000001B)
    .ARM.Collect$$libinit$$0000001D          0x000002fa   Section        0  libinit2.o(.ARM.Collect$$libinit$$0000001D)
    .ARM.Collect$$libinit$$0000001F          0x000002fa   Section        0  libinit2.o(.ARM.Collect$$libinit$$0000001F)
    .ARM.Collect$$libinit$$00000021          0x000002fa   Section        0  libinit2.o(.ARM.Collect$$libinit$$00000021)
    .ARM.Collect$$libinit$$00000023          0x000002fa   Section        0  libinit2.o(.ARM.Collect$$libinit$$00000023)
    .ARM.Collect$$libinit$$0000002A          0x000002fa   Section        0  libinit2.o(.ARM.Collect$$libinit$$0000002A)
    .ARM.Collect$$libinit$$0000002C          0x000002fa   Section        0  libinit2.o(.ARM.Collect$$libinit$$0000002C)
    .ARM.Collect$$libinit$$0000002E          0x000002fa   Section        0  libinit2.o(.ARM.Collect$$libinit$$0000002E)
    .ARM.Collect$$libinit$$00000030          0x000002fa   Section        0  libinit2.o(.ARM.Collect$$libinit$$00000030)
    .ARM.Collect$$libinit$$00000031          0x000002fa   Section        2  libinit2.o(.ARM.Collect$$libinit$$00000031)
    .ARM.Collect$$libshutdown$$00000000      0x000002fc   Section        2  libshutdown.o(.ARM.Collect$$libshutdown$$00000000)
    .ARM.Collect$$libshutdown$$00000003      0x000002fe   Section        0  libshutdown2.o(.ARM.Collect$$libshutdown$$00000003)
    .ARM.Collect$$libshutdown$$00000006      0x000002fe   Section        0  libshutdown2.o(.ARM.Collect$$libshutdown$$00000006)
    .ARM.Collect$$libshutdown$$00000009      0x000002fe   Section        0  libshutdown2.o(.ARM.Collect$$libshutdown$$00000009)
    .ARM.Collect$$libshutdown$$0000000B      0x000002fe   Section        0  libshutdown2.o(.ARM.Collect$$libshutdown$$0000000B)
    .ARM.Collect$$libshutdown$$0000000E      0x000002fe   Section        0  libshutdown2.o(.ARM.Collect$$libshutdown$$0000000E)
    .ARM.Collect$$libshutdown$$0000000F      0x000002fe   Section        2  libshutdown2.o(.ARM.Collect$$libshutdown$$0000000F)
    .ARM.Collect$$rtentry$$00000000          0x00000300   Section        0  rtentry.o(.ARM.Collect$$rtentry$$00000000)
    .ARM.Collect$$rtentry$$00000002          0x00000300   Section        0  rtentry2.o(.ARM.Collect$$rtentry$$00000002)
    .ARM.Collect$$rtentry$$00000004          0x00000300   Section        6  rtentry4.o(.ARM.Collect$$rtentry$$00000004)
    .ARM.Collect$$rtentry$$00000009          0x00000306   Section        0  rtentry2.o(.ARM.Collect$$rtentry$$00000009)
    .ARM.Collect$$rtentry$$0000000A          0x00000306   Section        4  rtentry2.o(.ARM.Collect$$rtentry$$0000000A)
    .ARM.Collect$$rtentry$$0000000C          0x0000030a   Section        0  rtentry2.o(.ARM.Collect$$rtentry$$0000000C)
    .ARM.Collect$$rtentry$$0000000D          0x0000030a   Section        8  rtentry2.o(.ARM.Collect$$rtentry$$0000000D)
    .ARM.Collect$$rtexit$$00000000           0x00000312   Section        2  rtexit.o(.ARM.Collect$$rtexit$$00000000)
    .ARM.Collect$$rtexit$$00000002           0x00000314   Section        0  rtexit2.o(.ARM.Collect$$rtexit$$00000002)
    .ARM.Collect$$rtexit$$00000003           0x00000314   Section        4  rtexit2.o(.ARM.Collect$$rtexit$$00000003)
    .ARM.Collect$$rtexit$$00000004           0x00000318   Section        6  rtexit2.o(.ARM.Collect$$rtexit$$00000004)
    .text                                    0x00000320   Section       48  startup.o(.text)
    .text                                    0x00000350   Section       40  random.o(.text)
    .text                                    0x00000378   Section        0  heapauxi.o(.text)
    .text                                    0x0000037e   Section       74  sys_stackheap_outer.o(.text)
    .text                                    0x000003c8   Section        0  exit.o(.text)
    .text                                    0x000003d4   Section        8  libspace.o(.text)
    .text                                    0x000003dc   Section        0  sys_exit.o(.text)
    .text                                    0x000003e8   Section        2  use_no_semi.o(.text)
    .text                                    0x000003ea   Section        0  indicate_semi.o(.text)
    i.ADC0_In                                0x000003ec   Section        0  spaceinvaders_tony_l.o(i.ADC0_In)
    i.ADC0_Init                              0x00000418   Section        0  spaceinvaders_tony_l.o(i.ADC0_Init)
    i.ADC1_In                                0x000004e8   Section        0  texas.o(i.ADC1_In)
    i.ADC1_Init                              0x000004f4   Section        0  texas.o(i.ADC1_Init)
    i.Celebrate                              0x000005c8   Section        0  spaceinvaders_tony_l.o(i.Celebrate)
    i.Check4BonusHit                         0x00000724   Section        0  spaceinvaders_tony_l.o(i.Check4BonusHit)
    i.Check4BunkerHit                        0x000007b0   Section        0  spaceinvaders_tony_l.o(i.Check4BunkerHit)
    i.DAC_Init                               0x00000858   Section        0  spaceinvaders_tony_l.o(i.DAC_Init)
    i.DAC_Out                                0x000008d4   Section        0  spaceinvaders_tony_l.o(i.DAC_Out)
    i.Delay100ms                             0x000008e4   Section        0  spaceinvaders_tony_l.o(i.Delay100ms)
    i.DestroyShip                            0x00000908   Section        0  spaceinvaders_tony_l.o(i.DestroyShip)
    i.ExitScreen                             0x000009b0   Section        0  spaceinvaders_tony_l.o(i.ExitScreen)
    i.FireLaser                              0x00000ac0   Section        0  spaceinvaders_tony_l.o(i.FireLaser)
    i.FireMissile                            0x00000b9c   Section        0  spaceinvaders_tony_l.o(i.FireMissile)
    i.GameInit                               0x00000c1c   Section        0  spaceinvaders_tony_l.o(i.GameInit)
    i.GenerateBunkers                        0x00000d04   Section        0  spaceinvaders_tony_l.o(i.GenerateBunkers)
    i.GenerateEnemys                         0x00000d9c   Section        0  spaceinvaders_tony_l.o(i.GenerateEnemys)
    i.GenerateMissile                        0x00000ec0   Section        0  spaceinvaders_tony_l.o(i.GenerateMissile)
    i.Green_LED                              0x00000f1c   Section        0  spaceinvaders_tony_l.o(i.Green_LED)
    i.Init_Switches                          0x00000f30   Section        0  spaceinvaders_tony_l.o(i.Init_Switches)
    i.LaunchBonus                            0x00000fac   Section        0  spaceinvaders_tony_l.o(i.LaunchBonus)
    i.Nokia5110_Clear                        0x00000ff0   Section        0  virtualnokia5110.o(i.Nokia5110_Clear)
    i.Nokia5110_ClearBuffer                  0x00001010   Section        0  virtualnokia5110.o(i.Nokia5110_ClearBuffer)
    i.Nokia5110_DisplayBuffer                0x00001028   Section        0  virtualnokia5110.o(i.Nokia5110_DisplayBuffer)
    i.Nokia5110_DrawFullImage                0x00001038   Section        0  virtualnokia5110.o(i.Nokia5110_DrawFullImage)
    i.Nokia5110_Init                         0x0000105c   Section        0  virtualnokia5110.o(i.Nokia5110_Init)
    i.Nokia5110_OutChar                      0x000011c8   Section        0  virtualnokia5110.o(i.Nokia5110_OutChar)
    i.Nokia5110_OutString                    0x00001200   Section        0  virtualnokia5110.o(i.Nokia5110_OutString)
    i.Nokia5110_OutUDec                      0x00001218   Section        0  virtualnokia5110.o(i.Nokia5110_OutUDec)
    i.Nokia5110_PrintBMP                     0x000013b4   Section        0  virtualnokia5110.o(i.Nokia5110_PrintBMP)
    i.Nokia5110_SetCursor                    0x0000155c   Section        0  virtualnokia5110.o(i.Nokia5110_SetCursor)
    i.PLL_Init                               0x0000158c   Section        0  texas.o(i.PLL_Init)
    i.Play                                   0x00001608   Section        0  spaceinvaders_tony_l.o(i.Play)
    i.Read_Switches                          0x00001650   Section        0  spaceinvaders_tony_l.o(i.Read_Switches)
    i.Red_LED                                0x00001660   Section        0  spaceinvaders_tony_l.o(i.Red_LED)
    i.SetCode                                0x00001674   Section        0  texas.o(i.SetCode)
    i.SetCourse                              0x0000168c   Section        0  texas.o(i.SetCourse)
    i.Sound_Explosion                        0x000016a4   Section        0  spaceinvaders_tony_l.o(i.Sound_Explosion)
    i.Sound_Fastinvader1                     0x000016b8   Section        0  spaceinvaders_tony_l.o(i.Sound_Fastinvader1)
    i.Sound_Fastinvader2                     0x000016cc   Section        0  spaceinvaders_tony_l.o(i.Sound_Fastinvader2)
    i.Sound_Fastinvader3                     0x000016e0   Section        0  spaceinvaders_tony_l.o(i.Sound_Fastinvader3)
    i.Sound_Fastinvader4                     0x000016f4   Section        0  spaceinvaders_tony_l.o(i.Sound_Fastinvader4)
    i.Sound_Highpitch                        0x00001708   Section        0  spaceinvaders_tony_l.o(i.Sound_Highpitch)
    i.Sound_Init                             0x0000171c   Section        0  spaceinvaders_tony_l.o(i.Sound_Init)
    i.Sound_Killed                           0x00001744   Section        0  spaceinvaders_tony_l.o(i.Sound_Killed)
    i.Sound_Play                             0x00001758   Section        0  spaceinvaders_tony_l.o(i.Sound_Play)
    i.Sound_Shoot                            0x0000178c   Section        0  spaceinvaders_tony_l.o(i.Sound_Shoot)
    i.SplashScreen                           0x000017a0   Section        0  spaceinvaders_tony_l.o(i.SplashScreen)
    i.TExaS_Init                             0x00001858   Section        0  texas.o(i.TExaS_Init)
    i.Timer0A_Handler                        0x00001a1c   Section        0  spaceinvaders_tony_l.o(i.Timer0A_Handler)
    i.Timer0_Init                            0x00001a34   Section        0  spaceinvaders_tony_l.o(i.Timer0_Init)
    i.Timer2A_Handler                        0x00001a94   Section        0  spaceinvaders_tony_l.o(i.Timer2A_Handler)
    i.Timer2_Init                            0x00001c70   Section        0  spaceinvaders_tony_l.o(i.Timer2_Init)
    i.Timer4A_Handler                        0x00001ce0   Section        0  texas.o(i.Timer4A_Handler)
    i.Timer5A_Handler                        0x00001d00   Section        0  texas.o(i.Timer5A_Handler)
    i.UART0_Init                             0x00001d30   Section        0  texas.o(i.UART0_Init)
    i.UpdateBonus                            0x00001df0   Section        0  spaceinvaders_tony_l.o(i.UpdateBonus)
    i.UpdateBunkers                          0x00001f38   Section        0  spaceinvaders_tony_l.o(i.UpdateBunkers)
    i.UpdateEnemys                           0x00002038   Section        0  spaceinvaders_tony_l.o(i.UpdateEnemys)
    i.UpdateLaser                            0x0000244c   Section        0  spaceinvaders_tony_l.o(i.UpdateLaser)
    i.UpdateMissile                          0x00002574   Section        0  spaceinvaders_tony_l.o(i.UpdateMissile)
    i.UpdateShip0                            0x0000260c   Section        0  spaceinvaders_tony_l.o(i.UpdateShip0)
    i.Write_LEDS                             0x00002684   Section        0  spaceinvaders_tony_l.o(i.Write_LEDS)
    i.lcdwrite                               0x00002690   Section        0  virtualnokia5110.o(i.lcdwrite)
    lcdwrite                                 0x00002691   Thumb Code    66  virtualnokia5110.o(i.lcdwrite)
    i.main                                   0x000026dc   Section        0  spaceinvaders_tony_l.o(i.main)
    i.myRandom                               0x0000291c   Section        0  spaceinvaders_tony_l.o(i.myRandom)
    .constdata                               0x00002950   Section      360  texas.o(.constdata)
    .constdata                               0x00002ab8   Section      480  virtualnokia5110.o(.constdata)
    ASCII                                    0x00002ab8   Data         480  virtualnokia5110.o(.constdata)
    .constdata                               0x00002c98   Section    19846  spaceinvaders_tony_l.o(.constdata)
    ASCII                                    0x00002c98   Data         480  spaceinvaders_tony_l.o(.constdata)
    .data                                    0x20000000   Section       52  texas.o(.data)
    .data                                    0x20000034   Section       92  spaceinvaders_tony_l.o(.data)
    DATA                                     0x20000090   Section        4  random.o(DATA)
    M                                        0x20000090   Data           4  random.o(DATA)
    .bss                                     0x20000098   Section       56  texas.o(.bss)
    .bss                                     0x200000d0   Section      504  virtualnokia5110.o(.bss)
    .bss                                     0x200002c8   Section      400  spaceinvaders_tony_l.o(.bss)
    .bss                                     0x20000458   Section       96  libspace.o(.bss)
    HEAP                                     0x200004b8   Section        0  startup.o(HEAP)
    STACK                                    0x200004b8   Section     1024  startup.o(STACK)
    HeapMem                                  0x200004b8   Data           0  startup.o(HEAP)
    StackMem                                 0x200004b8   Data           0  startup.o(STACK)

    Global Symbols

    Symbol Name                              Value     Ov Type        Size  Object(Section)

    BuildAttributes$$THM_ISAv4$E$P$D$K$B$S$7EM$PE$A:L22UL41UL21$X:L11$S22US41US21$IEEE1$IW$USESV6$~STKCKD$USESV7$~SHL$OSPACE$ROPI$EBA8$UX$STANDARDLIB$REQ8$PRES8$EABIv2 0x00000000   Number         0  anon$$obj.o ABSOLUTE
    __ARM_use_no_argv                        0x00000000   Number         0  spaceinvaders_tony_l.o ABSOLUTE
    __Vectors                                0x00000000   Data           0  startup.o(RESET)
    __ARM_exceptions_init                     - Undefined Weak Reference
    __alloca_initialize                       - Undefined Weak Reference
    __cpp_initialize__aeabi_                  - Undefined Weak Reference
    __cxa_finalize                            - Undefined Weak Reference
    __rt_locale                               - Undefined Weak Reference
    __sigvec_lookup                           - Undefined Weak Reference
    _atexit_init                              - Undefined Weak Reference
    _call_atexit_fns                          - Undefined Weak Reference
    _clock_init                               - Undefined Weak Reference
    _fp_trap_init                             - Undefined Weak Reference
    _fp_trap_shutdown                         - Undefined Weak Reference
    _get_lc_collate                           - Undefined Weak Reference
    _get_lc_ctype                             - Undefined Weak Reference
    _get_lc_monetary                          - Undefined Weak Reference
    _get_lc_numeric                           - Undefined Weak Reference
    _get_lc_time                              - Undefined Weak Reference
    _getenv_init                              - Undefined Weak Reference
    _handle_redirection                       - Undefined Weak Reference
    _init_alloc                               - Undefined Weak Reference
    _init_user_alloc                          - Undefined Weak Reference
    _initio                                   - Undefined Weak Reference
    _rand_init                                - Undefined Weak Reference
    _signal_finish                            - Undefined Weak Reference
    _signal_init                              - Undefined Weak Reference
    _terminate_alloc                          - Undefined Weak Reference
    _terminate_user_alloc                     - Undefined Weak Reference
    _terminateio                              - Undefined Weak Reference
    Reset_Handler                            0x0000026d   Thumb Code     0  startup.o(RESET)
    NMI_Handler                              0x00000271   Thumb Code     2  startup.o(RESET)
    HardFault_Handler                        0x00000273   Thumb Code     2  startup.o(RESET)
    MemManage_Handler                        0x00000275   Thumb Code     2  startup.o(RESET)
    BusFault_Handler                         0x00000277   Thumb Code     2  startup.o(RESET)
    UsageFault_Handler                       0x00000279   Thumb Code     2  startup.o(RESET)
    SVC_Handler                              0x0000027b   Thumb Code     2  startup.o(RESET)
    DebugMon_Handler                         0x0000027d   Thumb Code     2  startup.o(RESET)
    PendSV_Handler                           0x0000027f   Thumb Code     2  startup.o(RESET)
    SysTick_Handler                          0x00000281   Thumb Code     2  startup.o(RESET)
    ADC0Seq0_Handler                         0x00000283   Thumb Code     0  startup.o(RESET)
    ADC0Seq1_Handler                         0x00000283   Thumb Code     0  startup.o(RESET)
    ADC0Seq2_Handler                         0x00000283   Thumb Code     0  startup.o(RESET)
    ADC0Seq3_Handler                         0x00000283   Thumb Code     0  startup.o(RESET)
    ADC1Seq0_Handler                         0x00000283   Thumb Code     0  startup.o(RESET)
    ADC1Seq1_Handler                         0x00000283   Thumb Code     0  startup.o(RESET)
    ADC1Seq2_Handler                         0x00000283   Thumb Code     0  startup.o(RESET)
    ADC1Seq3_Handler                         0x00000283   Thumb Code     0  startup.o(RESET)
    CAN0_Handler                             0x00000283   Thumb Code     0  startup.o(RESET)
    CAN1_Handler                             0x00000283   Thumb Code     0  startup.o(RESET)
    CAN2_Handler                             0x00000283   Thumb Code     0  startup.o(RESET)
    Comp0_Handler                            0x00000283   Thumb Code     0  startup.o(RESET)
    Comp1_Handler                            0x00000283   Thumb Code     0  startup.o(RESET)
    Comp2_Handler                            0x00000283   Thumb Code     0  startup.o(RESET)
    Ethernet_Handler                         0x00000283   Thumb Code     0  startup.o(RESET)
    ExtBus_Handler                           0x00000283   Thumb Code     0  startup.o(RESET)
    FPU_Handler                              0x00000283   Thumb Code     0  startup.o(RESET)
    Fan0_Handler                             0x00000283   Thumb Code     0  startup.o(RESET)
    FlashCtl_Handler                         0x00000283   Thumb Code     0  startup.o(RESET)
    GPIOPortA_Handler                        0x00000283   Thumb Code     0  startup.o(RESET)
    GPIOPortB_Handler                        0x00000283   Thumb Code     0  startup.o(RESET)
    GPIOPortC_Handler                        0x00000283   Thumb Code     0  startup.o(RESET)
    GPIOPortD_Handler                        0x00000283   Thumb Code     0  startup.o(RESET)
    GPIOPortE_Handler                        0x00000283   Thumb Code     0  startup.o(RESET)
    GPIOPortF_Handler                        0x00000283   Thumb Code     0  startup.o(RESET)
    GPIOPortG_Handler                        0x00000283   Thumb Code     0  startup.o(RESET)
    GPIOPortH_Handler                        0x00000283   Thumb Code     0  startup.o(RESET)
    GPIOPortJ_Handler                        0x00000283   Thumb Code     0  startup.o(RESET)
    GPIOPortK_Handler                        0x00000283   Thumb Code     0  startup.o(RESET)
    GPIOPortL_Handler                        0x00000283   Thumb Code     0  startup.o(RESET)
    GPIOPortM_Handler                        0x00000283   Thumb Code     0  startup.o(RESET)
    GPIOPortN_Handler                        0x00000283   Thumb Code     0  startup.o(RESET)
    GPIOPortP1_Handler                       0x00000283   Thumb Code     0  startup.o(RESET)
    GPIOPortP2_Handler                       0x00000283   Thumb Code     0  startup.o(RESET)
    GPIOPortP3_Handler                       0x00000283   Thumb Code     0  startup.o(RESET)
    GPIOPortP4_Handler                       0x00000283   Thumb Code     0  startup.o(RESET)
    GPIOPortP5_Handler                       0x00000283   Thumb Code     0  startup.o(RESET)
    GPIOPortP6_Handler                       0x00000283   Thumb Code     0  startup.o(RESET)
    GPIOPortP7_Handler                       0x00000283   Thumb Code     0  startup.o(RESET)
    GPIOPortP_Handler                        0x00000283   Thumb Code     0  startup.o(RESET)
    GPIOPortQ1_Handler                       0x00000283   Thumb Code     0  startup.o(RESET)
    GPIOPortQ2_Handler                       0x00000283   Thumb Code     0  startup.o(RESET)
    GPIOPortQ3_Handler                       0x00000283   Thumb Code     0  startup.o(RESET)
    GPIOPortQ4_Handler                       0x00000283   Thumb Code     0  startup.o(RESET)
    GPIOPortQ5_Handler                       0x00000283   Thumb Code     0  startup.o(RESET)
    GPIOPortQ6_Handler                       0x00000283   Thumb Code     0  startup.o(RESET)
    GPIOPortQ7_Handler                       0x00000283   Thumb Code     0  startup.o(RESET)
    GPIOPortQ_Handler                        0x00000283   Thumb Code     0  startup.o(RESET)
    GPIOPortR_Handler                        0x00000283   Thumb Code     0  startup.o(RESET)
    GPIOPortS_Handler                        0x00000283   Thumb Code     0  startup.o(RESET)
    Hibernate_Handler                        0x00000283   Thumb Code     0  startup.o(RESET)
    I2C0_Handler                             0x00000283   Thumb Code     0  startup.o(RESET)
    I2C1_Handler                             0x00000283   Thumb Code     0  startup.o(RESET)
    I2C2_Handler                             0x00000283   Thumb Code     0  startup.o(RESET)
    I2C3_Handler                             0x00000283   Thumb Code     0  startup.o(RESET)
    I2C4_Handler                             0x00000283   Thumb Code     0  startup.o(RESET)
    I2C5_Handler                             0x00000283   Thumb Code     0  startup.o(RESET)
    I2S0_Handler                             0x00000283   Thumb Code     0  startup.o(RESET)
    LPC0_Handler                             0x00000283   Thumb Code     0  startup.o(RESET)
    PECI0_Handler                            0x00000283   Thumb Code     0  startup.o(RESET)
    PWM0Fault_Handler                        0x00000283   Thumb Code     0  startup.o(RESET)
    PWM0Generator0_Handler                   0x00000283   Thumb Code     0  startup.o(RESET)
    PWM0Generator1_Handler                   0x00000283   Thumb Code     0  startup.o(RESET)
    PWM0Generator2_Handler                   0x00000283   Thumb Code     0  startup.o(RESET)
    PWM0Generator3_Handler                   0x00000283   Thumb Code     0  startup.o(RESET)
    PWM1Fault_Handler                        0x00000283   Thumb Code     0  startup.o(RESET)
    PWM1Generator0_Handler                   0x00000283   Thumb Code     0  startup.o(RESET)
    PWM1Generator1_Handler                   0x00000283   Thumb Code     0  startup.o(RESET)
    PWM1Generator2_Handler                   0x00000283   Thumb Code     0  startup.o(RESET)
    PWM1Generator3_Handler                   0x00000283   Thumb Code     0  startup.o(RESET)
    Quadrature0_Handler                      0x00000283   Thumb Code     0  startup.o(RESET)
    Quadrature1_Handler                      0x00000283   Thumb Code     0  startup.o(RESET)
    Quadrature2_Handler                      0x00000283   Thumb Code     0  startup.o(RESET)
    SSI0_Handler                             0x00000283   Thumb Code     0  startup.o(RESET)
    SSI1_Handler                             0x00000283   Thumb Code     0  startup.o(RESET)
    SSI2_Handler                             0x00000283   Thumb Code     0  startup.o(RESET)
    SSI3_Handler                             0x00000283   Thumb Code     0  startup.o(RESET)
    SysCtl_Handler                           0x00000283   Thumb Code     0  startup.o(RESET)
    Timer0B_Handler                          0x00000283   Thumb Code     0  startup.o(RESET)
    Timer1A_Handler                          0x00000283   Thumb Code     0  startup.o(RESET)
    Timer1B_Handler                          0x00000283   Thumb Code     0  startup.o(RESET)
    Timer2B_Handler                          0x00000283   Thumb Code     0  startup.o(RESET)
    Timer3A_Handler                          0x00000283   Thumb Code     0  startup.o(RESET)
    Timer3B_Handler                          0x00000283   Thumb Code     0  startup.o(RESET)
    Timer4B_Handler                          0x00000283   Thumb Code     0  startup.o(RESET)
    Timer5B_Handler                          0x00000283   Thumb Code     0  startup.o(RESET)
    UART0_Handler                            0x00000283   Thumb Code     0  startup.o(RESET)
    UART1_Handler                            0x00000283   Thumb Code     0  startup.o(RESET)
    UART2_Handler                            0x00000283   Thumb Code     0  startup.o(RESET)
    UART3_Handler                            0x00000283   Thumb Code     0  startup.o(RESET)
    UART4_Handler                            0x00000283   Thumb Code     0  startup.o(RESET)
    UART5_Handler                            0x00000283   Thumb Code     0  startup.o(RESET)
    UART6_Handler                            0x00000283   Thumb Code     0  startup.o(RESET)
    UART7_Handler                            0x00000283   Thumb Code     0  startup.o(RESET)
    USB0_Handler                             0x00000283   Thumb Code     0  startup.o(RESET)
    WDT_Handler                              0x00000283   Thumb Code     0  startup.o(RESET)
    WideTimer0A_Handler                      0x00000283   Thumb Code     0  startup.o(RESET)
    WideTimer0B_Handler                      0x00000283   Thumb Code     0  startup.o(RESET)
    WideTimer1A_Handler                      0x00000283   Thumb Code     0  startup.o(RESET)
    WideTimer1B_Handler                      0x00000283   Thumb Code     0  startup.o(RESET)
    WideTimer2A_Handler                      0x00000283   Thumb Code     0  startup.o(RESET)
    WideTimer2B_Handler                      0x00000283   Thumb Code     0  startup.o(RESET)
    WideTimer3A_Handler                      0x00000283   Thumb Code     0  startup.o(RESET)
    WideTimer3B_Handler                      0x00000283   Thumb Code     0  startup.o(RESET)
    WideTimer4A_Handler                      0x00000283   Thumb Code     0  startup.o(RESET)
    WideTimer4B_Handler                      0x00000283   Thumb Code     0  startup.o(RESET)
    WideTimer5A_Handler                      0x00000283   Thumb Code     0  startup.o(RESET)
    WideTimer5B_Handler                      0x00000283   Thumb Code     0  startup.o(RESET)
    uDMA_Error                               0x00000283   Thumb Code     0  startup.o(RESET)
    uDMA_Handler                             0x00000283   Thumb Code     0  startup.o(RESET)
    __main                                   0x00000285   Thumb Code     8  __main.o(!!!main)
    __scatterload                            0x0000028d   Thumb Code     0  __scatter.o(!!!scatter)
    __scatterload_rt2                        0x0000028d   Thumb Code    44  __scatter.o(!!!scatter)
    __scatterload_rt2_thumb_only             0x0000028d   Thumb Code     0  __scatter.o(!!!scatter)
    __scatterload_null                       0x0000029b   Thumb Code     0  __scatter.o(!!!scatter)
    __scatterload_copy                       0x000002c1   Thumb Code    26  __scatter_copy.o(!!handler_copy)
    __scatterload_zeroinit                   0x000002dd   Thumb Code    28  __scatter_zi.o(!!handler_zi)
    __rt_lib_init                            0x000002f9   Thumb Code     0  libinit.o(.ARM.Collect$$libinit$$00000000)
    __rt_lib_init_alloca_1                   0x000002fb   Thumb Code     0  libinit2.o(.ARM.Collect$$libinit$$0000002C)
    __rt_lib_init_argv_1                     0x000002fb   Thumb Code     0  libinit2.o(.ARM.Collect$$libinit$$0000002A)
    __rt_lib_init_atexit_1                   0x000002fb   Thumb Code     0  libinit2.o(.ARM.Collect$$libinit$$00000019)
    __rt_lib_init_clock_1                    0x000002fb   Thumb Code     0  libinit2.o(.ARM.Collect$$libinit$$0000001F)
    __rt_lib_init_cpp_1                      0x000002fb   Thumb Code     0  libinit2.o(.ARM.Collect$$libinit$$00000030)
    __rt_lib_init_exceptions_1               0x000002fb   Thumb Code     0  libinit2.o(.ARM.Collect$$libinit$$0000002E)
    __rt_lib_init_fp_1                       0x000002fb   Thumb Code     0  libinit2.o(.ARM.Collect$$libinit$$00000002)
    __rt_lib_init_fp_trap_1                  0x000002fb   Thumb Code     0  libinit2.o(.ARM.Collect$$libinit$$0000001D)
    __rt_lib_init_getenv_1                   0x000002fb   Thumb Code     0  libinit2.o(.ARM.Collect$$libinit$$00000021)
    __rt_lib_init_heap_1                     0x000002fb   Thumb Code     0  libinit2.o(.ARM.Collect$$libinit$$00000008)
    __rt_lib_init_lc_collate_1               0x000002fb   Thumb Code     0  libinit2.o(.ARM.Collect$$libinit$$0000000F)
    __rt_lib_init_lc_ctype_1                 0x000002fb   Thumb Code     0  libinit2.o(.ARM.Collect$$libinit$$00000011)
    __rt_lib_init_lc_monetary_1              0x000002fb   Thumb Code     0  libinit2.o(.ARM.Collect$$libinit$$00000013)
    __rt_lib_init_lc_numeric_1               0x000002fb   Thumb Code     0  libinit2.o(.ARM.Collect$$libinit$$00000015)
    __rt_lib_init_lc_time_1                  0x000002fb   Thumb Code     0  libinit2.o(.ARM.Collect$$libinit$$00000017)
    __rt_lib_init_rand_1                     0x000002fb   Thumb Code     0  libinit2.o(.ARM.Collect$$libinit$$0000000C)
    __rt_lib_init_return                     0x000002fb   Thumb Code     0  libinit2.o(.ARM.Collect$$libinit$$00000031)
    __rt_lib_init_signal_1                   0x000002fb   Thumb Code     0  libinit2.o(.ARM.Collect$$libinit$$0000001B)
    __rt_lib_init_stdio_1                    0x000002fb   Thumb Code     0  libinit2.o(.ARM.Collect$$libinit$$00000023)
    __rt_lib_init_user_alloc_1               0x000002fb   Thumb Code     0  libinit2.o(.ARM.Collect$$libinit$$0000000A)
    __rt_lib_shutdown                        0x000002fd   Thumb Code     0  libshutdown.o(.ARM.Collect$$libshutdown$$00000000)
    __rt_lib_shutdown_fp_trap_1              0x000002ff   Thumb Code     0  libshutdown2.o(.ARM.Collect$$libshutdown$$00000006)
    __rt_lib_shutdown_heap_1                 0x000002ff   Thumb Code     0  libshutdown2.o(.ARM.Collect$$libshutdown$$0000000E)
    __rt_lib_shutdown_return                 0x000002ff   Thumb Code     0  libshutdown2.o(.ARM.Collect$$libshutdown$$0000000F)
    __rt_lib_shutdown_signal_1               0x000002ff   Thumb Code     0  libshutdown2.o(.ARM.Collect$$libshutdown$$00000009)
    __rt_lib_shutdown_stdio_1                0x000002ff   Thumb Code     0  libshutdown2.o(.ARM.Collect$$libshutdown$$00000003)
    __rt_lib_shutdown_user_alloc_1           0x000002ff   Thumb Code     0  libshutdown2.o(.ARM.Collect$$libshutdown$$0000000B)
    __rt_entry                               0x00000301   Thumb Code     0  rtentry.o(.ARM.Collect$$rtentry$$00000000)
    __rt_entry_presh_1                       0x00000301   Thumb Code     0  rtentry2.o(.ARM.Collect$$rtentry$$00000002)
    __rt_entry_sh                            0x00000301   Thumb Code     0  rtentry4.o(.ARM.Collect$$rtentry$$00000004)
    __rt_entry_li                            0x00000307   Thumb Code     0  rtentry2.o(.ARM.Collect$$rtentry$$0000000A)
    __rt_entry_postsh_1                      0x00000307   Thumb Code     0  rtentry2.o(.ARM.Collect$$rtentry$$00000009)
    __rt_entry_main                          0x0000030b   Thumb Code     0  rtentry2.o(.ARM.Collect$$rtentry$$0000000D)
    __rt_entry_postli_1                      0x0000030b   Thumb Code     0  rtentry2.o(.ARM.Collect$$rtentry$$0000000C)
    __rt_exit                                0x00000313   Thumb Code     0  rtexit.o(.ARM.Collect$$rtexit$$00000000)
    __rt_exit_ls                             0x00000315   Thumb Code     0  rtexit2.o(.ARM.Collect$$rtexit$$00000003)
    __rt_exit_prels_1                        0x00000315   Thumb Code     0  rtexit2.o(.ARM.Collect$$rtexit$$00000002)
    __rt_exit_exit                           0x00000319   Thumb Code     0  rtexit2.o(.ARM.Collect$$rtexit$$00000004)
    DisableInterrupts                        0x00000321   Thumb Code     0  startup.o(.text)
    EnableInterrupts                         0x00000325   Thumb Code     0  startup.o(.text)
    StartCritical                            0x00000329   Thumb Code     0  startup.o(.text)
    EndCritical                              0x00000331   Thumb Code     0  startup.o(.text)
    WaitForInterrupt                         0x00000337   Thumb Code     0  startup.o(.text)
    __user_initial_stackheap                 0x0000033b   Thumb Code     0  startup.o(.text)
    Random_Init                              0x00000351   Thumb Code     0  random.o(.text)
    Random                                   0x0000035b   Thumb Code     2  random.o(.text)
    __use_two_region_memory                  0x00000379   Thumb Code     2  heapauxi.o(.text)
    __rt_heap_escrow$2region                 0x0000037b   Thumb Code     2  heapauxi.o(.text)
    __rt_heap_expand$2region                 0x0000037d   Thumb Code     2  heapauxi.o(.text)
    __user_setup_stackheap                   0x0000037f   Thumb Code    74  sys_stackheap_outer.o(.text)
    exit                                     0x000003c9   Thumb Code    12  exit.o(.text)
    __user_libspace                          0x000003d5   Thumb Code     8  libspace.o(.text)
    __user_perproc_libspace                  0x000003d5   Thumb Code     0  libspace.o(.text)
    __user_perthread_libspace                0x000003d5   Thumb Code     0  libspace.o(.text)
    _sys_exit                                0x000003dd   Thumb Code     8  sys_exit.o(.text)
    __I$use$semihosting                      0x000003e9   Thumb Code     0  use_no_semi.o(.text)
    __use_no_semihosting_swi                 0x000003e9   Thumb Code     2  use_no_semi.o(.text)
    __semihosting_library_function           0x000003eb   Thumb Code     0  indicate_semi.o(.text)
    ADC0_In                                  0x000003ed   Thumb Code    36  spaceinvaders_tony_l.o(i.ADC0_In)
    ADC0_Init                                0x00000419   Thumb Code   172  spaceinvaders_tony_l.o(i.ADC0_Init)
    ADC1_In                                  0x000004e9   Thumb Code     6  texas.o(i.ADC1_In)
    ADC1_Init                                0x000004f5   Thumb Code   174  texas.o(i.ADC1_Init)
    Celebrate                                0x000005c9   Thumb Code   326  spaceinvaders_tony_l.o(i.Celebrate)
    Check4BonusHit                           0x00000725   Thumb Code   120  spaceinvaders_tony_l.o(i.Check4BonusHit)
    Check4BunkerHit                          0x000007b1   Thumb Code   158  spaceinvaders_tony_l.o(i.Check4BunkerHit)
    DAC_Init                                 0x00000859   Thumb Code    92  spaceinvaders_tony_l.o(i.DAC_Init)
    DAC_Out                                  0x000008d5   Thumb Code    10  spaceinvaders_tony_l.o(i.DAC_Out)
    Delay100ms                               0x000008e5   Thumb Code    30  spaceinvaders_tony_l.o(i.Delay100ms)
    DestroyShip                              0x00000909   Thumb Code   140  spaceinvaders_tony_l.o(i.DestroyShip)
    ExitScreen                               0x000009b1   Thumb Code   170  spaceinvaders_tony_l.o(i.ExitScreen)
    FireLaser                                0x00000ac1   Thumb Code   198  spaceinvaders_tony_l.o(i.FireLaser)
    FireMissile                              0x00000b9d   Thumb Code   102  spaceinvaders_tony_l.o(i.FireMissile)
    GameInit                                 0x00000c1d   Thumb Code   152  spaceinvaders_tony_l.o(i.GameInit)
    GenerateBunkers                          0x00000d05   Thumb Code   130  spaceinvaders_tony_l.o(i.GenerateBunkers)
    GenerateEnemys                           0x00000d9d   Thumb Code   260  spaceinvaders_tony_l.o(i.GenerateEnemys)
    GenerateMissile                          0x00000ec1   Thumb Code    70  spaceinvaders_tony_l.o(i.GenerateMissile)
    Green_LED                                0x00000f1d   Thumb Code    16  spaceinvaders_tony_l.o(i.Green_LED)
    Init_Switches                            0x00000f31   Thumb Code   100  spaceinvaders_tony_l.o(i.Init_Switches)
    LaunchBonus                              0x00000fad   Thumb Code    58  spaceinvaders_tony_l.o(i.LaunchBonus)
    Nokia5110_Clear                          0x00000ff1   Thumb Code    32  virtualnokia5110.o(i.Nokia5110_Clear)
    Nokia5110_ClearBuffer                    0x00001011   Thumb Code    20  virtualnokia5110.o(i.Nokia5110_ClearBuffer)
    Nokia5110_DisplayBuffer                  0x00001029   Thumb Code    10  virtualnokia5110.o(i.Nokia5110_DisplayBuffer)
    Nokia5110_DrawFullImage                  0x00001039   Thumb Code    34  virtualnokia5110.o(i.Nokia5110_DrawFullImage)
    Nokia5110_Init                           0x0000105d   Thumb Code   316  virtualnokia5110.o(i.Nokia5110_Init)
    Nokia5110_OutChar                        0x000011c9   Thumb Code    52  virtualnokia5110.o(i.Nokia5110_OutChar)
    Nokia5110_OutString                      0x00001201   Thumb Code    22  virtualnokia5110.o(i.Nokia5110_OutString)
    Nokia5110_OutUDec                        0x00001219   Thumb Code   394  virtualnokia5110.o(i.Nokia5110_OutUDec)
    Nokia5110_PrintBMP                       0x000013b5   Thumb Code   420  virtualnokia5110.o(i.Nokia5110_PrintBMP)
    Nokia5110_SetCursor                      0x0000155d   Thumb Code    48  virtualnokia5110.o(i.Nokia5110_SetCursor)
    PLL_Init                                 0x0000158d   Thumb Code   118  texas.o(i.PLL_Init)
    Play                                     0x00001609   Thumb Code    56  spaceinvaders_tony_l.o(i.Play)
    Read_Switches                            0x00001651   Thumb Code    10  spaceinvaders_tony_l.o(i.Read_Switches)
    Red_LED                                  0x00001661   Thumb Code    16  spaceinvaders_tony_l.o(i.Red_LED)
    SetCode                                  0x00001675   Thumb Code    20  texas.o(i.SetCode)
    SetCourse                                0x0000168d   Thumb Code    20  texas.o(i.SetCourse)
    Sound_Explosion                          0x000016a5   Thumb Code    14  spaceinvaders_tony_l.o(i.Sound_Explosion)
    Sound_Fastinvader1                       0x000016b9   Thumb Code    14  spaceinvaders_tony_l.o(i.Sound_Fastinvader1)
    Sound_Fastinvader2                       0x000016cd   Thumb Code    14  spaceinvaders_tony_l.o(i.Sound_Fastinvader2)
    Sound_Fastinvader3                       0x000016e1   Thumb Code    14  spaceinvaders_tony_l.o(i.Sound_Fastinvader3)
    Sound_Fastinvader4                       0x000016f5   Thumb Code    14  spaceinvaders_tony_l.o(i.Sound_Fastinvader4)
    Sound_Highpitch                          0x00001709   Thumb Code    14  spaceinvaders_tony_l.o(i.Sound_Highpitch)
    Sound_Init                               0x0000171d   Thumb Code    28  spaceinvaders_tony_l.o(i.Sound_Init)
    Sound_Killed                             0x00001745   Thumb Code    14  spaceinvaders_tony_l.o(i.Sound_Killed)
    Sound_Play                               0x00001759   Thumb Code    32  spaceinvaders_tony_l.o(i.Sound_Play)
    Sound_Shoot                              0x0000178d   Thumb Code    14  spaceinvaders_tony_l.o(i.Sound_Shoot)
    SplashScreen                             0x000017a1   Thumb Code   144  spaceinvaders_tony_l.o(i.SplashScreen)
    TExaS_Init                               0x00001859   Thumb Code   324  texas.o(i.TExaS_Init)
    Timer0A_Handler                          0x00001a1d   Thumb Code    16  spaceinvaders_tony_l.o(i.Timer0A_Handler)
    Timer0_Init                              0x00001a35   Thumb Code    76  spaceinvaders_tony_l.o(i.Timer0_Init)
    Timer2A_Handler                          0x00001a95   Thumb Code   376  spaceinvaders_tony_l.o(i.Timer2A_Handler)
    Timer2_Init                              0x00001c71   Thumb Code    88  spaceinvaders_tony_l.o(i.Timer2_Init)
    Timer4A_Handler                          0x00001ce1   Thumb Code    20  texas.o(i.Timer4A_Handler)
    Timer5A_Handler                          0x00001d01   Thumb Code    34  texas.o(i.Timer5A_Handler)
    UART0_Init                               0x00001d31   Thumb Code   160  texas.o(i.UART0_Init)
    UpdateBonus                              0x00001df1   Thumb Code   302  spaceinvaders_tony_l.o(i.UpdateBonus)
    UpdateBunkers                            0x00001f39   Thumb Code   222  spaceinvaders_tony_l.o(i.UpdateBunkers)
    UpdateEnemys                             0x00002039   Thumb Code   978  spaceinvaders_tony_l.o(i.UpdateEnemys)
    UpdateLaser                              0x0000244d   Thumb Code   278  spaceinvaders_tony_l.o(i.UpdateLaser)
    UpdateMissile                            0x00002575   Thumb Code   134  spaceinvaders_tony_l.o(i.UpdateMissile)
    UpdateShip0                              0x0000260d   Thumb Code   104  spaceinvaders_tony_l.o(i.UpdateShip0)
    Write_LEDS                               0x00002685   Thumb Code     8  spaceinvaders_tony_l.o(i.Write_LEDS)
    main                                     0x000026dd   Thumb Code   478  spaceinvaders_tony_l.o(i.main)
    myRandom                                 0x0000291d   Thumb Code    40  spaceinvaders_tony_l.o(i.myRandom)
    NoInputMsg                               0x00002950   Data          40  texas.o(.constdata)
    OutputPortMsg0                           0x00002978   Data          40  texas.o(.constdata)
    OutputPortMsg1                           0x000029a0   Data          40  texas.o(.constdata)
    OutputPortMsg2                           0x000029c8   Data          40  texas.o(.constdata)
    OutputPortMsg3                           0x000029f0   Data          40  texas.o(.constdata)
    BlankMsg                                 0x00002a18   Data          40  texas.o(.constdata)
    InitializedMsg                           0x00002a40   Data          40  texas.o(.constdata)
    IntroMsg                                 0x00002a68   Data          40  texas.o(.constdata)
    DoneMsg                                  0x00002a90   Data          40  texas.o(.constdata)
    shoot                                    0x00002e78   Data        4080  spaceinvaders_tony_l.o(.constdata)
    invaderkilled                            0x00003e68   Data        3377  spaceinvaders_tony_l.o(.constdata)
    explosion                                0x00004b99   Data        2000  spaceinvaders_tony_l.o(.constdata)
    fastinvader1                             0x00005369   Data         982  spaceinvaders_tony_l.o(.constdata)
    fastinvader2                             0x0000573f   Data        1042  spaceinvaders_tony_l.o(.constdata)
    fastinvader3                             0x00005b51   Data        1054  spaceinvaders_tony_l.o(.constdata)
    fastinvader4                             0x00005f6f   Data        1098  spaceinvaders_tony_l.o(.constdata)
    highpitch                                0x000063b9   Data        1802  spaceinvaders_tony_l.o(.constdata)
    SmallEnemy30PointA                       0x00006ac3   Data         199  spaceinvaders_tony_l.o(.constdata)
    SmallEnemy30PointB                       0x00006b8a   Data         199  spaceinvaders_tony_l.o(.constdata)
    SmallEnemy20PointA                       0x00006c51   Data         199  spaceinvaders_tony_l.o(.constdata)
    SmallEnemy20PointB                       0x00006d18   Data         199  spaceinvaders_tony_l.o(.constdata)
    SmallEnemy10PointA                       0x00006ddf   Data         199  spaceinvaders_tony_l.o(.constdata)
    SmallEnemy10PointB                       0x00006ea6   Data         199  spaceinvaders_tony_l.o(.constdata)
    PlayerShip0                              0x00006f6d   Data         215  spaceinvaders_tony_l.o(.constdata)
    SmallEnemyBonus0                         0x00007044   Data         203  spaceinvaders_tony_l.o(.constdata)
    Bunker0                                  0x0000710f   Data         179  spaceinvaders_tony_l.o(.constdata)
    Bunker1                                  0x000071c2   Data         179  spaceinvaders_tony_l.o(.constdata)
    Bunker2                                  0x00007275   Data         179  spaceinvaders_tony_l.o(.constdata)
    Bunker3                                  0x00007328   Data         179  spaceinvaders_tony_l.o(.constdata)
    BigExplosion0                            0x000073db   Data         215  spaceinvaders_tony_l.o(.constdata)
    BigExplosion1                            0x000074b2   Data         215  spaceinvaders_tony_l.o(.constdata)
    SmallExplosion0                          0x00007589   Data         199  spaceinvaders_tony_l.o(.constdata)
    SmallExplosion1                          0x00007650   Data         199  spaceinvaders_tony_l.o(.constdata)
    Missile0                                 0x00007717   Data         155  spaceinvaders_tony_l.o(.constdata)
    Missile1                                 0x000077b2   Data         155  spaceinvaders_tony_l.o(.constdata)
    Missile2                                 0x0000784d   Data         155  spaceinvaders_tony_l.o(.constdata)
    Laser0                                   0x000078e8   Data         155  spaceinvaders_tony_l.o(.constdata)
    Laser1                                   0x00007983   Data         155  spaceinvaders_tony_l.o(.constdata)
    Region$$Table$$Base                      0x00007a20   Number         0  anon$$obj.o(Region$$Table)
    Region$$Table$$Limit                     0x00007a40   Number         0  anon$$obj.o(Region$$Table)
    TExaS_Period                             0x20000000   Data           4  texas.o(.data)
    TExaS_Ports                              0x20000004   Data           8  texas.o(.data)
    Display                                  0x2000000c   Data           1  texas.o(.data)
    TExaS_Meter                              0x20000010   Data           4  texas.o(.data)
    ADCnum                                   0x20000014   Data           4  texas.o(.data)
    LastMode                                 0x20000018   Data           4  texas.o(.data)
    bFlag                                    0x2000001c   Data           4  texas.o(.data)
    Count                                    0x20000020   Data           4  texas.o(.data)
    DelayBetweenTests                        0x20000024   Data           4  texas.o(.data)
    TExaS_Test                               0x20000028   Data           4  texas.o(.data)
    ScopeMode                                0x2000002c   Data           4  texas.o(.data)
    ScopeCount                               0x20000030   Data           4  texas.o(.data)
    M                                        0x20000034   Data           4  spaceinvaders_tony_l.o(.data)
    time2Laser                               0x20000038   Data           4  spaceinvaders_tony_l.o(.data)
    time2Bonus                               0x2000003c   Data           4  spaceinvaders_tony_l.o(.data)
    displayTCount                            0x20000040   Data           1  spaceinvaders_tony_l.o(.data)
    displayTFlag                             0x20000041   Data           1  spaceinvaders_tony_l.o(.data)
    displayTGoal                             0x20000042   Data           1  spaceinvaders_tony_l.o(.data)
    enemyTCount                              0x20000043   Data           1  spaceinvaders_tony_l.o(.data)
    enemyTFlag                               0x20000044   Data           1  spaceinvaders_tony_l.o(.data)
    enemyTGoal                               0x20000045   Data           1  spaceinvaders_tony_l.o(.data)
    shipTCount                               0x20000046   Data           1  spaceinvaders_tony_l.o(.data)
    shipTFlag                                0x20000047   Data           1  spaceinvaders_tony_l.o(.data)
    shipTGoal                                0x20000048   Data           1  spaceinvaders_tony_l.o(.data)
    fireTCount                               0x20000049   Data           1  spaceinvaders_tony_l.o(.data)
    fireTFlag                                0x2000004a   Data           1  spaceinvaders_tony_l.o(.data)
    fireTGoal                                0x2000004b   Data           1  spaceinvaders_tony_l.o(.data)
    laserTCount                              0x2000004c   Data           1  spaceinvaders_tony_l.o(.data)
    laserTFlag                               0x2000004d   Data           1  spaceinvaders_tony_l.o(.data)
    laserTGoal                               0x2000004e   Data           1  spaceinvaders_tony_l.o(.data)
    bonusTCount                              0x2000004f   Data           1  spaceinvaders_tony_l.o(.data)
    bonusTFlag                               0x20000050   Data           1  spaceinvaders_tony_l.o(.data)
    bonusTGoal                               0x20000051   Data           1  spaceinvaders_tony_l.o(.data)
    numEnemys                                0x20000052   Data           1  spaceinvaders_tony_l.o(.data)
    Index                                    0x20000054   Data           4  spaceinvaders_tony_l.o(.data)
    WaveCount                                0x20000058   Data           4  spaceinvaders_tony_l.o(.data)
    Ship0XPos                                0x2000005c   Data           1  spaceinvaders_tony_l.o(.data)
    ControlPos                               0x2000005d   Data           1  spaceinvaders_tony_l.o(.data)
    EnemyX                                   0x2000005e   Data           1  spaceinvaders_tony_l.o(.data)
    EnemyY                                   0x2000005f   Data           1  spaceinvaders_tony_l.o(.data)
    EnemyDir                                 0x20000060   Data           1  spaceinvaders_tony_l.o(.data)
    Xoffset                                  0x20000061   Data           1  spaceinvaders_tony_l.o(.data)
    frameBot                                 0x20000062   Data           1  spaceinvaders_tony_l.o(.data)
    missilephase                             0x20000063   Data           1  spaceinvaders_tony_l.o(.data)
    won                                      0x20000064   Data           1  spaceinvaders_tony_l.o(.data)
    lost                                     0x20000065   Data           1  spaceinvaders_tony_l.o(.data)
    points                                   0x20000068   Data           4  spaceinvaders_tony_l.o(.data)
    numLasers                                0x2000006c   Data           1  spaceinvaders_tony_l.o(.data)
    nextLaser                                0x2000006d   Data           1  spaceinvaders_tony_l.o(.data)
    playerLives                              0x2000006e   Data           1  spaceinvaders_tony_l.o(.data)
    bunkerExploding                          0x2000006f   Data           1  spaceinvaders_tony_l.o(.data)
    bonusExploding                           0x20000070   Data           1  spaceinvaders_tony_l.o(.data)
    highScore                                0x20000074   Data           4  spaceinvaders_tony_l.o(.data)
    TimerCount                               0x20000078   Data           4  spaceinvaders_tony_l.o(.data)
    Semaphore                                0x2000007c   Data           4  spaceinvaders_tony_l.o(.data)
    LEDcount                                 0x20000080   Data           1  spaceinvaders_tony_l.o(.data)
    PeriodicTask                             0x20000084   Data           4  spaceinvaders_tony_l.o(.data)
    Wave                                     0x20000088   Data           4  spaceinvaders_tony_l.o(.data)
    frameLeft                                0x2000008c   Data           1  spaceinvaders_tony_l.o(.data)
    frameRight                               0x2000008d   Data           1  spaceinvaders_tony_l.o(.data)
    frameTop                                 0x2000008e   Data           1  spaceinvaders_tony_l.o(.data)
    oldBonus                                 0x2000008f   Data           1  spaceinvaders_tony_l.o(.data)
    TExaS                                    0x20000098   Data          56  texas.o(.bss)
    Screen                                   0x200000d0   Data         504  virtualnokia5110.o(.bss)
    EShip                                    0x200002c8   Data         240  spaceinvaders_tony_l.o(.bss)
    Missile                                  0x200003b8   Data          16  spaceinvaders_tony_l.o(.bss)
    Bunker                                   0x200003c8   Data          48  spaceinvaders_tony_l.o(.bss)
    Laser                                    0x200003f8   Data          80  spaceinvaders_tony_l.o(.bss)
    Bonus                                    0x20000448   Data          16  spaceinvaders_tony_l.o(.bss)
    __libspace_start                         0x20000458   Data          96  libspace.o(.bss)
    __temporary_stack_top$libspace           0x200004b8   Data           0  libspace.o(.bss)



==============================================================================

Memory Map of the image

  Image Entry point : 0x0000026d

  Load Region LR_1 (Base: 0x00000000, Size: 0x00007ad4, Max: 0xffffffff, ABSOLUTE)

    Execution Region ER_RO (Base: 0x00000000, Size: 0x00007a40, Max: 0xffffffff, ABSOLUTE)

    Base Addr    Size         Type   Attr      Idx    E Section Name        Object

    0x00000000   0x00000284   Code   RO            3  * RESET               startup.o
    0x00000284   0x00000008   Code   RO          511  * !!!main             c_w.l(__main.o)
    0x0000028c   0x00000034   Code   RO          665    !!!scatter          c_w.l(__scatter.o)
    0x000002c0   0x0000001a   Code   RO          667    !!handler_copy      c_w.l(__scatter_copy.o)
    0x000002da   0x00000002   PAD
    0x000002dc   0x0000001c   Code   RO          669    !!handler_zi        c_w.l(__scatter_zi.o)
    0x000002f8   0x00000002   Code   RO          538    .ARM.Collect$$libinit$$00000000  c_w.l(libinit.o)
    0x000002fa   0x00000000   Code   RO          545    .ARM.Collect$$libinit$$00000002  c_w.l(libinit2.o)
    0x000002fa   0x00000000   Code   RO          548    .ARM.Collect$$libinit$$00000008  c_w.l(libinit2.o)
    0x000002fa   0x00000000   Code   RO          550    .ARM.Collect$$libinit$$0000000A  c_w.l(libinit2.o)
    0x000002fa   0x00000000   Code   RO          552    .ARM.Collect$$libinit$$0000000C  c_w.l(libinit2.o)
    0x000002fa   0x00000000   Code   RO          555    .ARM.Collect$$libinit$$0000000F  c_w.l(libinit2.o)
    0x000002fa   0x00000000   Code   RO          557    .ARM.Collect$$libinit$$00000011  c_w.l(libinit2.o)
    0x000002fa   0x00000000   Code   RO          559    .ARM.Collect$$libinit$$00000013  c_w.l(libinit2.o)
    0x000002fa   0x00000000   Code   RO          561    .ARM.Collect$$libinit$$00000015  c_w.l(libinit2.o)
    0x000002fa   0x00000000   Code   RO          563    .ARM.Collect$$libinit$$00000017  c_w.l(libinit2.o)
    0x000002fa   0x00000000   Code   RO          565    .ARM.Collect$$libinit$$00000019  c_w.l(libinit2.o)
    0x000002fa   0x00000000   Code   RO          567    .ARM.Collect$$libinit$$0000001B  c_w.l(libinit2.o)
    0x000002fa   0x00000000   Code   RO          569    .ARM.Collect$$libinit$$0000001D  c_w.l(libinit2.o)
    0x000002fa   0x00000000   Code   RO          571    .ARM.Collect$$libinit$$0000001F  c_w.l(libinit2.o)
    0x000002fa   0x00000000   Code   RO          573    .ARM.Collect$$libinit$$00000021  c_w.l(libinit2.o)
    0x000002fa   0x00000000   Code   RO          575    .ARM.Collect$$libinit$$00000023  c_w.l(libinit2.o)
    0x000002fa   0x00000000   Code   RO          579    .ARM.Collect$$libinit$$0000002A  c_w.l(libinit2.o)
    0x000002fa   0x00000000   Code   RO          581    .ARM.Collect$$libinit$$0000002C  c_w.l(libinit2.o)
    0x000002fa   0x00000000   Code   RO          583    .ARM.Collect$$libinit$$0000002E  c_w.l(libinit2.o)
    0x000002fa   0x00000000   Code   RO          585    .ARM.Collect$$libinit$$00000030  c_w.l(libinit2.o)
    0x000002fa   0x00000002   Code   RO          586    .ARM.Collect$$libinit$$00000031  c_w.l(libinit2.o)
    0x000002fc   0x00000002   Code   RO          606    .ARM.Collect$$libshutdown$$00000000  c_w.l(libshutdown.o)
    0x000002fe   0x00000000   Code   RO          620    .ARM.Collect$$libshutdown$$00000003  c_w.l(libshutdown2.o)
    0x000002fe   0x00000000   Code   RO          623    .ARM.Collect$$libshutdown$$00000006  c_w.l(libshutdown2.o)
    0x000002fe   0x00000000   Code   RO          626    .ARM.Collect$$libshutdown$$00000009  c_w.l(libshutdown2.o)
    0x000002fe   0x00000000   Code   RO          628    .ARM.Collect$$libshutdown$$0000000B  c_w.l(libshutdown2.o)
    0x000002fe   0x00000000   Code   RO          631    .ARM.Collect$$libshutdown$$0000000E  c_w.l(libshutdown2.o)
    0x000002fe   0x00000002   Code   RO          632    .ARM.Collect$$libshutdown$$0000000F  c_w.l(libshutdown2.o)
    0x00000300   0x00000000   Code   RO          513    .ARM.Collect$$rtentry$$00000000  c_w.l(rtentry.o)
    0x00000300   0x00000000   Code   RO          515    .ARM.Collect$$rtentry$$00000002  c_w.l(rtentry2.o)
    0x00000300   0x00000006   Code   RO          527    .ARM.Collect$$rtentry$$00000004  c_w.l(rtentry4.o)
    0x00000306   0x00000000   Code   RO          517    .ARM.Collect$$rtentry$$00000009  c_w.l(rtentry2.o)
    0x00000306   0x00000004   Code   RO          518    .ARM.Collect$$rtentry$$0000000A  c_w.l(rtentry2.o)
    0x0000030a   0x00000000   Code   RO          520    .ARM.Collect$$rtentry$$0000000C  c_w.l(rtentry2.o)
    0x0000030a   0x00000008   Code   RO          521    .ARM.Collect$$rtentry$$0000000D  c_w.l(rtentry2.o)
    0x00000312   0x00000002   Code   RO          542    .ARM.Collect$$rtexit$$00000000  c_w.l(rtexit.o)
    0x00000314   0x00000000   Code   RO          588    .ARM.Collect$$rtexit$$00000002  c_w.l(rtexit2.o)
    0x00000314   0x00000004   Code   RO          589    .ARM.Collect$$rtexit$$00000003  c_w.l(rtexit2.o)
    0x00000318   0x00000006   Code   RO          590    .ARM.Collect$$rtexit$$00000004  c_w.l(rtexit2.o)
    0x0000031e   0x00000002   PAD
    0x00000320   0x00000030   Code   RO            4    .text               startup.o
    0x00000350   0x00000028   Code   RO           13    .text               random.o
    0x00000378   0x00000006   Code   RO          509    .text               c_w.l(heapauxi.o)
    0x0000037e   0x0000004a   Code   RO          529    .text               c_w.l(sys_stackheap_outer.o)
    0x000003c8   0x0000000c   Code   RO          531    .text               c_w.l(exit.o)
    0x000003d4   0x00000008   Code   RO          539    .text               c_w.l(libspace.o)
    0x000003dc   0x0000000c   Code   RO          598    .text               c_w.l(sys_exit.o)
    0x000003e8   0x00000002   Code   RO          609    .text               c_w.l(use_no_semi.o)
    0x000003ea   0x00000000   Code   RO          611    .text               c_w.l(indicate_semi.o)
    0x000003ea   0x00000002   PAD
    0x000003ec   0x0000002c   Code   RO          215    i.ADC0_In           spaceinvaders_tony_l.o
    0x00000418   0x000000d0   Code   RO          216    i.ADC0_Init         spaceinvaders_tony_l.o
    0x000004e8   0x0000000c   Code   RO           16    i.ADC1_In           texas.o
    0x000004f4   0x000000d4   Code   RO           17    i.ADC1_Init         texas.o
    0x000005c8   0x0000015c   Code   RO          217    i.Celebrate         spaceinvaders_tony_l.o
    0x00000724   0x0000008c   Code   RO          218    i.Check4BonusHit    spaceinvaders_tony_l.o
    0x000007b0   0x000000a8   Code   RO          219    i.Check4BunkerHit   spaceinvaders_tony_l.o
    0x00000858   0x0000007c   Code   RO          220    i.DAC_Init          spaceinvaders_tony_l.o
    0x000008d4   0x00000010   Code   RO          221    i.DAC_Out           spaceinvaders_tony_l.o
    0x000008e4   0x00000024   Code   RO          222    i.Delay100ms        spaceinvaders_tony_l.o
    0x00000908   0x000000a8   Code   RO          223    i.DestroyShip       spaceinvaders_tony_l.o
    0x000009b0   0x00000110   Code   RO          224    i.ExitScreen        spaceinvaders_tony_l.o
    0x00000ac0   0x000000dc   Code   RO          225    i.FireLaser         spaceinvaders_tony_l.o
    0x00000b9c   0x00000080   Code   RO          226    i.FireMissile       spaceinvaders_tony_l.o
    0x00000c1c   0x000000e8   Code   RO          227    i.GameInit          spaceinvaders_tony_l.o
    0x00000d04   0x00000098   Code   RO          228    i.GenerateBunkers   spaceinvaders_tony_l.o
    0x00000d9c   0x00000124   Code   RO          229    i.GenerateEnemys    spaceinvaders_tony_l.o
    0x00000ec0   0x0000005c   Code   RO          230    i.GenerateMissile   spaceinvaders_tony_l.o
    0x00000f1c   0x00000014   Code   RO          231    i.Green_LED         spaceinvaders_tony_l.o
    0x00000f30   0x0000007c   Code   RO          232    i.Init_Switches     spaceinvaders_tony_l.o
    0x00000fac   0x00000044   Code   RO          233    i.LaunchBonus       spaceinvaders_tony_l.o
    0x00000ff0   0x00000020   Code   RO          137    i.Nokia5110_Clear   virtualnokia5110.o
    0x00001010   0x00000018   Code   RO          138    i.Nokia5110_ClearBuffer  virtualnokia5110.o
    0x00001028   0x00000010   Code   RO          139    i.Nokia5110_DisplayBuffer  virtualnokia5110.o
    0x00001038   0x00000022   Code   RO          140    i.Nokia5110_DrawFullImage  virtualnokia5110.o
    0x0000105a   0x00000002   PAD
    0x0000105c   0x0000016c   Code   RO          141    i.Nokia5110_Init    virtualnokia5110.o
    0x000011c8   0x00000038   Code   RO          142    i.Nokia5110_OutChar  virtualnokia5110.o
    0x00001200   0x00000016   Code   RO          143    i.Nokia5110_OutString  virtualnokia5110.o
    0x00001216   0x00000002   PAD
    0x00001218   0x0000019c   Code   RO          144    i.Nokia5110_OutUDec  virtualnokia5110.o
    0x000013b4   0x000001a8   Code   RO          145    i.Nokia5110_PrintBMP  virtualnokia5110.o
    0x0000155c   0x00000030   Code   RO          146    i.Nokia5110_SetCursor  virtualnokia5110.o
    0x0000158c   0x0000007c   Code   RO           18    i.PLL_Init          texas.o
    0x00001608   0x00000048   Code   RO          234    i.Play              spaceinvaders_tony_l.o
    0x00001650   0x00000010   Code   RO          235    i.Read_Switches     spaceinvaders_tony_l.o
    0x00001660   0x00000014   Code   RO          236    i.Red_LED           spaceinvaders_tony_l.o
    0x00001674   0x00000018   Code   RO           19    i.SetCode           texas.o
    0x0000168c   0x00000018   Code   RO           20    i.SetCourse         texas.o
    0x000016a4   0x00000014   Code   RO          237    i.Sound_Explosion   spaceinvaders_tony_l.o
    0x000016b8   0x00000014   Code   RO          238    i.Sound_Fastinvader1  spaceinvaders_tony_l.o
    0x000016cc   0x00000014   Code   RO          239    i.Sound_Fastinvader2  spaceinvaders_tony_l.o
    0x000016e0   0x00000014   Code   RO          240    i.Sound_Fastinvader3  spaceinvaders_tony_l.o
    0x000016f4   0x00000014   Code   RO          241    i.Sound_Fastinvader4  spaceinvaders_tony_l.o
    0x00001708   0x00000014   Code   RO          242    i.Sound_Highpitch   spaceinvaders_tony_l.o
    0x0000171c   0x00000028   Code   RO          243    i.Sound_Init        spaceinvaders_tony_l.o
    0x00001744   0x00000014   Code   RO          244    i.Sound_Killed      spaceinvaders_tony_l.o
    0x00001758   0x00000034   Code   RO          245    i.Sound_Play        spaceinvaders_tony_l.o
    0x0000178c   0x00000014   Code   RO          246    i.Sound_Shoot       spaceinvaders_tony_l.o
    0x000017a0   0x000000b8   Code   RO          247    i.SplashScreen      spaceinvaders_tony_l.o
    0x00001858   0x000001c4   Code   RO           24    i.TExaS_Init        texas.o
    0x00001a1c   0x00000018   Code   RO          248    i.Timer0A_Handler   spaceinvaders_tony_l.o
    0x00001a34   0x00000060   Code   RO          249    i.Timer0_Init       spaceinvaders_tony_l.o
    0x00001a94   0x000001dc   Code   RO          250    i.Timer2A_Handler   spaceinvaders_tony_l.o
    0x00001c70   0x00000070   Code   RO          251    i.Timer2_Init       spaceinvaders_tony_l.o
    0x00001ce0   0x00000020   Code   RO           26    i.Timer4A_Handler   texas.o
    0x00001d00   0x00000030   Code   RO           27    i.Timer5A_Handler   texas.o
    0x00001d30   0x000000c0   Code   RO           30    i.UART0_Init        texas.o
    0x00001df0   0x00000148   Code   RO          252    i.UpdateBonus       spaceinvaders_tony_l.o
    0x00001f38   0x00000100   Code   RO          253    i.UpdateBunkers     spaceinvaders_tony_l.o
    0x00002038   0x00000414   Code   RO          254    i.UpdateEnemys      spaceinvaders_tony_l.o
    0x0000244c   0x00000128   Code   RO          255    i.UpdateLaser       spaceinvaders_tony_l.o
    0x00002574   0x00000098   Code   RO          256    i.UpdateMissile     spaceinvaders_tony_l.o
    0x0000260c   0x00000078   Code   RO          257    i.UpdateShip0       spaceinvaders_tony_l.o
    0x00002684   0x0000000c   Code   RO          258    i.Write_LEDS        spaceinvaders_tony_l.o
    0x00002690   0x0000004c   Code   RO          147    i.lcdwrite          virtualnokia5110.o
    0x000026dc   0x00000240   Code   RO          259    i.main              spaceinvaders_tony_l.o
    0x0000291c   0x00000034   Code   RO          260    i.myRandom          spaceinvaders_tony_l.o
    0x00002950   0x00000168   Data   RO           35    .constdata          texas.o
    0x00002ab8   0x000001e0   Data   RO          149    .constdata          virtualnokia5110.o
    0x00002c98   0x00004d86   Data   RO          262    .constdata          spaceinvaders_tony_l.o
    0x00007a1e   0x00000002   PAD
    0x00007a20   0x00000020   Data   RO          663    Region$$Table       anon$$obj.o


    Execution Region ER_RW (Base: 0x20000000, Size: 0x00000094, Max: 0xffffffff, ABSOLUTE)

    Base Addr    Size         Type   Attr      Idx    E Section Name        Object

    0x20000000   0x00000034   Data   RW           36    .data               texas.o
    0x20000034   0x0000005c   Data   RW          263    .data               spaceinvaders_tony_l.o
    0x20000090   0x00000004   Data   RW           12    DATA                random.o


    Execution Region ER_ZI (Base: 0x20000094, Size: 0x00000824, Max: 0xffffffff, ABSOLUTE)

    Base Addr    Size         Type   Attr      Idx    E Section Name        Object

    0x20000094   0x00000004   PAD
    0x20000098   0x00000038   Zero   RW           34    .bss                texas.o
    0x200000d0   0x000001f8   Zero   RW          148    .bss                virtualnokia5110.o
    0x200002c8   0x00000190   Zero   RW          261    .bss                spaceinvaders_tony_l.o
    0x20000458   0x00000060   Zero   RW          540    .bss                c_w.l(libspace.o)
    0x200004b8   0x00000000   Zero   RW            2    HEAP                startup.o
    0x200004b8   0x00000400   Zero   RW            1    STACK               startup.o


==============================================================================

Image component sizes


      Code (inc. data)   RO Data    RW Data    ZI Data      Debug   Object Name

        40         12          0          4          0        224   random.o
      6940       1102      19846         92        400      29660   spaceinvaders_tony_l.o
       692        632          0          0       1024        972   startup.o
      1120        244        360         52         56      17716   texas.o
      1508         94        480          0        504       8621   virtualnokia5110.o

    ----------------------------------------------------------------------
     10304       2084      20720        148       1988      57193   Object Totals
         0          0         32          0          0          0   (incl. Generated)
         4          0          2          0          4          0   (incl. Padding)

    ----------------------------------------------------------------------

      Code (inc. data)   RO Data    RW Data    ZI Data      Debug   Library Member Name

         8          0          0          0          0         68   __main.o
        52          8          0          0          0          0   __scatter.o
        26          0          0          0          0          0   __scatter_copy.o
        28          0          0          0          0          0   __scatter_zi.o
        12          0          0          0          0         72   exit.o
         6          0          0          0          0        152   heapauxi.o
         0          0          0          0          0          0   indicate_semi.o
         2          0          0          0          0          0   libinit.o
         2          0          0          0          0          0   libinit2.o
         2          0          0          0          0          0   libshutdown.o
         2          0          0          0          0          0   libshutdown2.o
         8          4          0          0         96         68   libspace.o
         0          0          0          0          0          0   rtentry.o
        12          0          0          0          0          0   rtentry2.o
         6          0          0          0          0          0   rtentry4.o
         2          0          0          0          0          0   rtexit.o
        10          0          0          0          0          0   rtexit2.o
        12          4          0          0          0         68   sys_exit.o
        74          0          0          0          0         80   sys_stackheap_outer.o
         2          0          0          0          0         68   use_no_semi.o

    ----------------------------------------------------------------------
       272         16          0          0         96        576   Library Totals
         6          0          0          0          0          0   (incl. Padding)

    ----------------------------------------------------------------------

      Code (inc. data)   RO Data    RW Data    ZI Data      Debug   Library Name

       266         16          0          0         96        576   c_w.l

    ----------------------------------------------------------------------
       272         16          0          0         96        576   Library Totals

    ----------------------------------------------------------------------

==============================================================================


      Code (inc. data)   RO Data    RW Data    ZI Data      Debug   

     10576       2100      20720        148       2084      54233   Grand Totals
     10576       2100      20720        148       2084      54233   ELF Image Totals
     10576       2100      20720        148          0          0   ROM Totals

==============================================================================

    Total RO  Size (Code + RO Data)                31296 (  30.56kB)
    Total RW  Size (RW Data + ZI Data)              2232 (   2.18kB)
    Total ROM Size (Code + RO Data + RW Data)      31444 (  30.71kB)

==============================================================================

