<html>
<body>
<pre>
<h1>µVision Build Log</h1>
<h2>Project:</h2>
C:\Users\Moritz\builds\embedded-systems-austin-edx\src\labs\Lab15_VirtualSpaceInvaders\SpaceInvaders.uvproj
Project File Date:  06/27/2014

<h2>Output:</h2>
Rebuild target 'SpaceInvaders'
assembling startup.s...
assembling random.s...
compiling TExaS.c...
compiling VirtualNokia5110.c...
compiling SpaceInvaders_Tony_L.c...
linking...
Program Size: Code=10576 RO-data=20720 RW-data=148 ZI-data=2084  
".\SpaceInvaders.axf" - 0 Error(s), 0 Warning(s).
Load "C:\\Users\\Moritz\\builds\\embedded-systems-austin-edx\\src\\labs\\Lab15_VirtualSpaceInvaders\\SpaceInvaders.axf" 
Connecting: Mode=JTAG, Speed=1000000Hz
Erase Done.
Programming Done.
Verify OK.
</pre>
</body>
</html>
