<html>
<body>
<pre>
<h1>µVision Build Log</h1>
<h2>Project:</h2>
C:\Users\Moritz\builds\embedded-systems-edx-austin\my-projects\assembly-starter-project\Assembly.uvproj
Project File Date:  02/08/2014

<h2>Output:</h2>
Rebuild target 'Assembly'
assembling main.s...
assembling Startup.s...
linking...
Program Size: Code=764 RO-data=0 RW-data=0 ZI-data=1024  
".\Assembly.axf" - 0 Error(s), 0 Warning(s).
Load "C:\\Users\\Moritz\\builds\\embedded-systems-edx-austin\\my-projects\\assembly-starter-project\\Assembly.axf" 
Connecting: Mode=JTAG, Speed=1000000Hz
Erase Done.
Programming Done.
Verify OK.
Load "C:\\Users\\Moritz\\builds\\embedded-systems-edx-austin\\my-projects\\assembly-starter-project\\Assembly.axf" 
Connecting: Mode=JTAG, Speed=1000000Hz
Erase Done.
Programming Done.
Verify OK.
</pre>
</body>
</html>
