<html>
<body>
<pre>
<h1>µVision Build Log</h1>
<h2>Project:</h2>
C:\Users\Moritz\builds\embedded-systems-austin-edx\src\labs\Lab8_SwitchLEDinterface\Lab8.uvproj
Project File Date:  04/18/2014

<h2>Output:</h2>
Rebuild target 'Lab8'
assembling startup.s...
compiling SwitchLEDInterface.c...
linking...
Program Size: Code=3812 RO-data=6628 RW-data=56 ZI-data=1752  
".\Lab8.axf" - 0 Error(s), 0 Warning(s).
Load "C:\\Users\\Moritz\\builds\\embedded-systems-austin-edx\\src\\labs\\Lab8_SwitchLEDinterface\\Lab8.axf" 
Connecting: Mode=JTAG, Speed=1000000Hz
Erase Done.
Programming Done.
Verify OK.
Load "C:\\Users\\Moritz\\builds\\embedded-systems-austin-edx\\src\\labs\\Lab8_SwitchLEDinterface\\Lab8.axf" 
Connecting: Mode=JTAG, Speed=1000000Hz
Erase Done.
Programming Done.
Verify OK.
</pre>
</body>
</html>
