<html>
<body>
<pre>
<h1>µVision Build Log</h1>
<h2>Project:</h2>
C:\Users\Moritz\builds\embedded-systems-austin-edx\src\labs\Lab13_DAC\Lab13.uvproj
Project File Date:  03/13/2014

<h2>Output:</h2>
Rebuild target 'Lab13'
assembling startup.s...
compiling Lab13.c...
compiling Sound.c...
Sound.c(79): warning:  #1-D: last line of file ends without a newline
  }
Sound.c: 1 warning, 0 errors
compiling DAC.c...
compiling Piano.c...
linking...
Program Size: Code=6352 RO-data=9592 RW-data=112 ZI-data=1816  
".\Lab13.axf" - 0 Error(s), 1 Warning(s).
Load "C:\\Users\\Moritz\\builds\\embedded-systems-austin-edx\\src\\labs\\Lab13_DAC\\Lab13.axf" 
Connecting: Mode=JTAG, Speed=1000000Hz
Erase Done.
Programming Done.
Verify OK.
Load "C:\\Users\\Moritz\\builds\\embedded-systems-austin-edx\\src\\labs\\Lab13_DAC\\Lab13.axf" 
Connecting: Mode=JTAG, Speed=1000000Hz
Erase Done.
Programming Done.
Verify OK.
</pre>
</body>
</html>
