<html>
<body>
<pre>
<h1>µVision Build Log</h1>
<h2>Project:</h2>
C:\Users\Moritz\builds\embedded-systems-austin-edx\src\labs\Lab9_FunctionalDebugging\Lab9.uvproj
Project File Date:  02/11/2014

<h2>Output:</h2>
Build target 'Lab9'
compiling main.c...
linking...
Program Size: Code=3028 RO-data=2712 RW-data=60 ZI-data=1644  
".\Lab9.axf" - 0 Error(s), 0 Warning(s).
Load "C:\\Users\\Moritz\\builds\\embedded-systems-austin-edx\\src\\labs\\Lab9_FunctionalDebugging\\Lab9.axf" 
Connecting: Mode=JTAG, Speed=1000000Hz
Erase Done.
Programming Done.
Verify OK.
</pre>
</body>
</html>
n.c(83): warning:  #550-D: variable "i" was set but never used
        unsigned long i,last,now, previousData;
main.c(83): warning:  #550-D: variable "last" was set but never used
        unsigned long i,last,now, previousData;
main.c(83): warning:  #177-D: variable "now" was declared but never referenced
        unsigned long i,last,now, previousData;
main.c(83): warning:  #177-D: variable "previousData" was declared but never referenced
        unsigned long i,last,now, previousData;
main.c: 5 warnings, 3 errors
".\Lab9.axf" - 3 Error(s), 5 Warning(s).
Target not created
