<html>
<body>
<pre>
<h1>µVision Build Log</h1>
<h2>Project:</h2>
C:\Users\Moritz\builds\embedded-systems-austin-edx\src\examples\C11_Nokia5110\Nokia5110.uvproj
Project File Date:  02/11/2014

<h2>Output:</h2>
Rebuild target 'Nokia5110'
assembling startup.s...
compiling Nokia5110.c...
compiling Nokia5110TestMain.c...
compiling PLL.c...
linking...
Program Size: Code=2316 RO-data=1984 RW-data=0 ZI-data=1120  
".\Nokia5110.axf" - 0 Error(s), 0 Warning(s).
Load "C:\\Users\\Moritz\\builds\\embedded-systems-austin-edx\\src\\examples\\C11_Nokia5110\\Nokia5110.axf" 
Connecting: Mode=JTAG, Speed=1000000Hz
Erase Done.
Programming Done.
Verify OK.
</pre>
</body>
</html>
